Archive member included to satisfy reference by file (symbol)

.\CortexM3\ARM_GCC_541\Release\USB_Bootloader.a(BL.o)
                              .\CortexM3\ARM_GCC_541\Release\Cm3Start.o (CyBtldr_CheckLaunch)
.\CortexM3\ARM_GCC_541\Release\USB_Bootloader.a(CyFlash.o)
                              .\CortexM3\ARM_GCC_541\Release\USB_Bootloader.a(BL.o) (CySetTemp)
.\CortexM3\ARM_GCC_541\Release\USB_Bootloader.a(CyLib.o)
                              .\CortexM3\ARM_GCC_541\Release\USB_Bootloader.a(BL.o) (CyHalt)
.\CortexM3\ARM_GCC_541\Release\USB_Bootloader.a(cyPm.o)
                              .\CortexM3\ARM_GCC_541\Release\USB_Bootloader.a(CyLib.o) (CyPmReadStatus)
.\CortexM3\ARM_GCC_541\Release\USB_Bootloader.a(CySpc.o)
                              .\CortexM3\ARM_GCC_541\Release\USB_Bootloader.a(CyFlash.o) (CySpcStart)
.\CortexM3\ARM_GCC_541\Release\USB_Bootloader.a(BOOTLDR.o)
                              .\CortexM3\ARM_GCC_541\Release\main.o (BOOTLDR_Read)
.\CortexM3\ARM_GCC_541\Release\USB_Bootloader.a(CyBootAsmGnu.o)
                              .\CortexM3\ARM_GCC_541\Release\cyfitter_cfg.o (CyDelayCycles)
.\CortexM3\ARM_GCC_541\Release\USB_Bootloader.a(USBFS_boot.o)
                              .\CortexM3\ARM_GCC_541\Release\USB_Bootloader.a(BL.o) (USBFS_CyBtldrCommStart)
.\CortexM3\ARM_GCC_541\Release\USB_Bootloader.a(USBFS.o)
                              .\CortexM3\ARM_GCC_541\Release\USB_Bootloader.a(USBFS_boot.o) (USBFS_Start)
.\CortexM3\ARM_GCC_541\Release\USB_Bootloader.a(USBFS_drv.o)
                              .\CortexM3\ARM_GCC_541\Release\USB_Bootloader.a(USBFS.o) (USBFS_lastPacketSize)
.\CortexM3\ARM_GCC_541\Release\USB_Bootloader.a(USBFS_episr.o)
                              .\CortexM3\ARM_GCC_541\Release\USB_Bootloader.a(USBFS.o) (USBFS_EP_1_ISR)
.\CortexM3\ARM_GCC_541\Release\USB_Bootloader.a(USBFS_hid.o)
                              .\CortexM3\ARM_GCC_541\Release\USB_Bootloader.a(USBFS.o) (USBFS_hidProtocol)
.\CortexM3\ARM_GCC_541\Release\USB_Bootloader.a(USBFS_std.o)
                              .\CortexM3\ARM_GCC_541\Release\USB_Bootloader.a(USBFS_hid.o) (USBFS_GetConfigTablePtr)
.\CortexM3\ARM_GCC_541\Release\USB_Bootloader.a(USBFS_vnd.o)
                              .\CortexM3\ARM_GCC_541\Release\USB_Bootloader.a(USBFS_drv.o) (USBFS_HandleVendorRqst)
.\CortexM3\ARM_GCC_541\Release\USB_Bootloader.a(USBFS_cls.o)
                              .\CortexM3\ARM_GCC_541\Release\USB_Bootloader.a(USBFS_drv.o) (USBFS_DispatchClassRqst)
.\CortexM3\ARM_GCC_541\Release\USB_Bootloader.a(USBFS_descr.o)
                              .\CortexM3\ARM_GCC_541\Release\USB_Bootloader.a(USBFS_std.o) (USBFS_TABLE)
c:/program files (x86)/cypress/psoc creator/4.2/psoc creator/import/gnu/arm/5.4.1/bin/../lib/gcc/arm-none-eabi/5.4.1/../../../../arm-none-eabi/lib/armv7-m\libg_nano.a(lib_a-errno.o)
                              .\CortexM3\ARM_GCC_541\Release\Cm3Start.o (__errno)
c:/program files (x86)/cypress/psoc creator/4.2/psoc creator/import/gnu/arm/5.4.1/bin/../lib/gcc/arm-none-eabi/5.4.1/../../../../arm-none-eabi/lib/armv7-m\libg_nano.a(lib_a-exit.o)
                              c:/program files (x86)/cypress/psoc creator/4.2/psoc creator/import/gnu/arm/5.4.1/bin/../lib/gcc/arm-none-eabi/5.4.1/../../../../arm-none-eabi/lib/armv7-m/crt0.o (exit)
c:/program files (x86)/cypress/psoc creator/4.2/psoc creator/import/gnu/arm/5.4.1/bin/../lib/gcc/arm-none-eabi/5.4.1/../../../../arm-none-eabi/lib/armv7-m\libg_nano.a(lib_a-impure.o)
                              c:/program files (x86)/cypress/psoc creator/4.2/psoc creator/import/gnu/arm/5.4.1/bin/../lib/gcc/arm-none-eabi/5.4.1/../../../../arm-none-eabi/lib/armv7-m\libg_nano.a(lib_a-exit.o) (_global_impure_ptr)
c:/program files (x86)/cypress/psoc creator/4.2/psoc creator/import/gnu/arm/5.4.1/bin/../lib/gcc/arm-none-eabi/5.4.1/../../../../arm-none-eabi/lib/armv7-m\libg_nano.a(lib_a-init.o)
                              c:/program files (x86)/cypress/psoc creator/4.2/psoc creator/import/gnu/arm/5.4.1/bin/../lib/gcc/arm-none-eabi/5.4.1/../../../../arm-none-eabi/lib/armv7-m/crt0.o (__libc_init_array)
c:/program files (x86)/cypress/psoc creator/4.2/psoc creator/import/gnu/arm/5.4.1/bin/../lib/gcc/arm-none-eabi/5.4.1/../../../../arm-none-eabi/lib/armv7-m\libg_nano.a(lib_a-memcpy-stub.o)
                              .\CortexM3\ARM_GCC_541\Release\USB_Bootloader.a(BL.o) (memcpy)
c:/program files (x86)/cypress/psoc creator/4.2/psoc creator/import/gnu/arm/5.4.1/bin/../lib/gcc/arm-none-eabi/5.4.1/../../../../arm-none-eabi/lib/armv7-m\libg_nano.a(lib_a-memset.o)
                              c:/program files (x86)/cypress/psoc creator/4.2/psoc creator/import/gnu/arm/5.4.1/bin/../lib/gcc/arm-none-eabi/5.4.1/../../../../arm-none-eabi/lib/armv7-m/crt0.o (memset)

Allocating common symbols
Common symbol       size              file

USBFS_deviceAddress
                    0x1               .\CortexM3\ARM_GCC_541\Release\USB_Bootloader.a(USBFS_drv.o)
USBFS_ep0Mode       0x1               .\CortexM3\ARM_GCC_541\Release\USB_Bootloader.a(USBFS_drv.o)
USBFS_interfaceSetting
                    0x1               .\CortexM3\ARM_GCC_541\Release\USB_Bootloader.a(USBFS_drv.o)
USBFS_DEVICE0_CONFIGURATION0_INTERFACE0_ALTERNATE0_HID_IN_RPT_SCB
                    0x4               .\CortexM3\ARM_GCC_541\Release\USB_Bootloader.a(USBFS_descr.o)
USBFS_hidIdleRate   0x1               .\CortexM3\ARM_GCC_541\Release\USB_Bootloader.a(USBFS_hid.o)
USBFS_currentTD     0xc               .\CortexM3\ARM_GCC_541\Release\USB_Bootloader.a(USBFS_drv.o)
USBFS_device        0x1               .\CortexM3\ARM_GCC_541\Release\USB_Bootloader.a(USBFS_drv.o)
USBFS_interfaceNumber
                    0x1               .\CortexM3\ARM_GCC_541\Release\USB_Bootloader.a(USBFS_drv.o)
USBFS_ep0Toggle     0x1               .\CortexM3\ARM_GCC_541\Release\USB_Bootloader.a(USBFS_drv.o)
USBFS_deviceStatus  0x1               .\CortexM3\ARM_GCC_541\Release\USB_Bootloader.a(USBFS_drv.o)
USBFS_DEVICE0_CONFIGURATION0_INTERFACE0_ALTERNATE0_HID_IN_BUF
                    0x41              .\CortexM3\ARM_GCC_541\Release\USB_Bootloader.a(USBFS_descr.o)
USBFS_configurationChanged
                    0x1               .\CortexM3\ARM_GCC_541\Release\USB_Bootloader.a(USBFS_drv.o)
USBFS_configuration
                    0x1               .\CortexM3\ARM_GCC_541\Release\USB_Bootloader.a(USBFS_drv.o)
USBFS_transferState
                    0x1               .\CortexM3\ARM_GCC_541\Release\USB_Bootloader.a(USBFS_drv.o)
USBFS_interfaceStatus
                    0x1               .\CortexM3\ARM_GCC_541\Release\USB_Bootloader.a(USBFS_drv.o)
USBFS_interfaceClass
                    0x4               .\CortexM3\ARM_GCC_541\Release\USB_Bootloader.a(USBFS_drv.o)
USBFS_EP            0x6c              .\CortexM3\ARM_GCC_541\Release\USB_Bootloader.a(USBFS_drv.o)
USBFS_DEVICE0_CONFIGURATION0_INTERFACE0_ALTERNATE0_HID_OUT_BUF
                    0x41              .\CortexM3\ARM_GCC_541\Release\USB_Bootloader.a(USBFS_descr.o)
USBFS_interfaceSetting_last
                    0x1               .\CortexM3\ARM_GCC_541\Release\USB_Bootloader.a(USBFS_drv.o)
USBFS_hidIdleTimer  0x1               .\CortexM3\ARM_GCC_541\Release\USB_Bootloader.a(USBFS_hid.o)
USBFS_lastPacketSize
                    0x1               .\CortexM3\ARM_GCC_541\Release\USB_Bootloader.a(USBFS_drv.o)
USBFS_hidProtocol   0x1               .\CortexM3\ARM_GCC_541\Release\USB_Bootloader.a(USBFS_hid.o)
USBFS_DEVICE0_CONFIGURATION0_INTERFACE0_ALTERNATE0_HID_OUT_RPT_SCB
                    0x4               .\CortexM3\ARM_GCC_541\Release\USB_Bootloader.a(USBFS_descr.o)
dieTemperature      0x2               .\CortexM3\ARM_GCC_541\Release\USB_Bootloader.a(CyFlash.o)
USBFS_ep0Count      0x1               .\CortexM3\ARM_GCC_541\Release\USB_Bootloader.a(USBFS_drv.o)
USBFS_transferByteCount
                    0x2               .\CortexM3\ARM_GCC_541\Release\USB_Bootloader.a(USBFS_drv.o)

Discarded input sections

 .text          0x00000000        0x0 c:/program files (x86)/cypress/psoc creator/4.2/psoc creator/import/gnu/arm/5.4.1/bin/../lib/gcc/arm-none-eabi/5.4.1/armv7-m/crti.o
 .data          0x00000000        0x0 c:/program files (x86)/cypress/psoc creator/4.2/psoc creator/import/gnu/arm/5.4.1/bin/../lib/gcc/arm-none-eabi/5.4.1/armv7-m/crti.o
 .bss           0x00000000        0x0 c:/program files (x86)/cypress/psoc creator/4.2/psoc creator/import/gnu/arm/5.4.1/bin/../lib/gcc/arm-none-eabi/5.4.1/armv7-m/crti.o
 .data          0x00000000        0x4 c:/program files (x86)/cypress/psoc creator/4.2/psoc creator/import/gnu/arm/5.4.1/bin/../lib/gcc/arm-none-eabi/5.4.1/armv7-m/crtbegin.o
 .text          0x00000000       0x74 c:/program files (x86)/cypress/psoc creator/4.2/psoc creator/import/gnu/arm/5.4.1/bin/../lib/gcc/arm-none-eabi/5.4.1/../../../../arm-none-eabi/lib/armv7-m/crt0.o
 .data          0x00000000        0x0 c:/program files (x86)/cypress/psoc creator/4.2/psoc creator/import/gnu/arm/5.4.1/bin/../lib/gcc/arm-none-eabi/5.4.1/../../../../arm-none-eabi/lib/armv7-m/crt0.o
 .bss           0x00000000        0x0 c:/program files (x86)/cypress/psoc creator/4.2/psoc creator/import/gnu/arm/5.4.1/bin/../lib/gcc/arm-none-eabi/5.4.1/../../../../arm-none-eabi/lib/armv7-m/crt0.o
 .ARM.extab     0x00000000        0x0 c:/program files (x86)/cypress/psoc creator/4.2/psoc creator/import/gnu/arm/5.4.1/bin/../lib/gcc/arm-none-eabi/5.4.1/../../../../arm-none-eabi/lib/armv7-m/crt0.o
 .ARM.exidx     0x00000000        0x8 c:/program files (x86)/cypress/psoc creator/4.2/psoc creator/import/gnu/arm/5.4.1/bin/../lib/gcc/arm-none-eabi/5.4.1/../../../../arm-none-eabi/lib/armv7-m/crt0.o
 .text          0x00000000        0x0 .\CortexM3\ARM_GCC_541\Release\main.o
 .data          0x00000000        0x0 .\CortexM3\ARM_GCC_541\Release\main.o
 .bss           0x00000000        0x0 .\CortexM3\ARM_GCC_541\Release\main.o
 .text          0x00000000        0x0 .\CortexM3\ARM_GCC_541\Release\cyfitter_cfg.o
 .data          0x00000000        0x0 .\CortexM3\ARM_GCC_541\Release\cyfitter_cfg.o
 .bss           0x00000000        0x0 .\CortexM3\ARM_GCC_541\Release\cyfitter_cfg.o
 .text.SetAnalogRoutingPumps
                0x00000000       0x10 .\CortexM3\ARM_GCC_541\Release\cyfitter_cfg.o
 .text          0x00000000        0x0 .\CortexM3\ARM_GCC_541\Release\cymetadata.o
 .data          0x00000000        0x0 .\CortexM3\ARM_GCC_541\Release\cymetadata.o
 .bss           0x00000000        0x0 .\CortexM3\ARM_GCC_541\Release\cymetadata.o
 .text          0x00000000        0x0 .\CortexM3\ARM_GCC_541\Release\Cm3Start.o
 .data          0x00000000        0x4 .\CortexM3\ARM_GCC_541\Release\Cm3Start.o
 .bss           0x00000000        0x0 .\CortexM3\ARM_GCC_541\Release\Cm3Start.o
 .text._exit    0x00000000        0x2 .\CortexM3\ARM_GCC_541\Release\Cm3Start.o
 .text._sbrk    0x00000000       0x30 .\CortexM3\ARM_GCC_541\Release\Cm3Start.o
 .text          0x00000000        0x0 .\CortexM3\ARM_GCC_541\Release\USB_Bootloader.a(BL.o)
 .bss           0x00000000        0x0 .\CortexM3\ARM_GCC_541\Release\USB_Bootloader.a(BL.o)
 .text.BL_Exit  0x00000000       0x34 .\CortexM3\ARM_GCC_541\Release\USB_Bootloader.a(BL.o)
 .text          0x00000000        0x0 .\CortexM3\ARM_GCC_541\Release\USB_Bootloader.a(CyFlash.o)
 .data          0x00000000        0x0 .\CortexM3\ARM_GCC_541\Release\USB_Bootloader.a(CyFlash.o)
 .bss           0x00000000        0x0 .\CortexM3\ARM_GCC_541\Release\USB_Bootloader.a(CyFlash.o)
 .text.CyFlash_Start
                0x00000000       0x50 .\CortexM3\ARM_GCC_541\Release\USB_Bootloader.a(CyFlash.o)
 .text.CyFlash_Stop
                0x00000000       0x24 .\CortexM3\ARM_GCC_541\Release\USB_Bootloader.a(CyFlash.o)
 .text.CySetFlashEEBuffer
                0x00000000       0x22 .\CortexM3\ARM_GCC_541\Release\USB_Bootloader.a(CyFlash.o)
 .text.CyFlash_SetWaitCycles
                0x00000000       0x6c .\CortexM3\ARM_GCC_541\Release\USB_Bootloader.a(CyFlash.o)
 .text.CyEEPROM_Stop
                0x00000000       0x24 .\CortexM3\ARM_GCC_541\Release\USB_Bootloader.a(CyFlash.o)
 .text.CyEEPROM_ReadReserve
                0x00000000       0x18 .\CortexM3\ARM_GCC_541\Release\USB_Bootloader.a(CyFlash.o)
 .text.CyEEPROM_ReadRelease
                0x00000000       0x10 .\CortexM3\ARM_GCC_541\Release\USB_Bootloader.a(CyFlash.o)
 .text          0x00000000        0x0 .\CortexM3\ARM_GCC_541\Release\USB_Bootloader.a(CyLib.o)
 .bss           0x00000000       0x18 .\CortexM3\ARM_GCC_541\Release\USB_Bootloader.a(CyLib.o)
 .text.CyIMO_SetTrimValue
                0x00000000       0xb8 .\CortexM3\ARM_GCC_541\Release\USB_Bootloader.a(CyLib.o)
 .text.CyBusClk_Internal_SetDivider
                0x00000000       0x44 .\CortexM3\ARM_GCC_541\Release\USB_Bootloader.a(CyLib.o)
 .text.CyPLL_OUT_Stop
                0x00000000       0x10 .\CortexM3\ARM_GCC_541\Release\USB_Bootloader.a(CyLib.o)
 .text.CyPLL_OUT_SetPQ
                0x00000000       0x34 .\CortexM3\ARM_GCC_541\Release\USB_Bootloader.a(CyLib.o)
 .text.CyPLL_OUT_SetSource
                0x00000000       0x14 .\CortexM3\ARM_GCC_541\Release\USB_Bootloader.a(CyLib.o)
 .text.CyIMO_Stop
                0x00000000       0x18 .\CortexM3\ARM_GCC_541\Release\USB_Bootloader.a(CyLib.o)
 .text.CyIMO_SetSource
                0x00000000       0x40 .\CortexM3\ARM_GCC_541\Release\USB_Bootloader.a(CyLib.o)
 .text.CyIMO_EnableDoubler
                0x00000000       0x10 .\CortexM3\ARM_GCC_541\Release\USB_Bootloader.a(CyLib.o)
 .text.CyIMO_DisableDoubler
                0x00000000       0x10 .\CortexM3\ARM_GCC_541\Release\USB_Bootloader.a(CyLib.o)
 .text.CyIMO_SetFreq
                0x00000000       0xcc .\CortexM3\ARM_GCC_541\Release\USB_Bootloader.a(CyLib.o)
 .text.CyMasterClk_SetSource
                0x00000000       0x18 .\CortexM3\ARM_GCC_541\Release\USB_Bootloader.a(CyLib.o)
 .text.CyMasterClk_SetDivider
                0x00000000        0xc .\CortexM3\ARM_GCC_541\Release\USB_Bootloader.a(CyLib.o)
 .text.CyBusClk_SetDivider
                0x00000000       0x70 .\CortexM3\ARM_GCC_541\Release\USB_Bootloader.a(CyLib.o)
 .text.CyUsbClk_SetSource
                0x00000000       0x18 .\CortexM3\ARM_GCC_541\Release\USB_Bootloader.a(CyLib.o)
 .text.CyILO_Start1K
                0x00000000       0x10 .\CortexM3\ARM_GCC_541\Release\USB_Bootloader.a(CyLib.o)
 .text.CyILO_Stop1K
                0x00000000       0x10 .\CortexM3\ARM_GCC_541\Release\USB_Bootloader.a(CyLib.o)
 .text.CyILO_Start100K
                0x00000000       0x10 .\CortexM3\ARM_GCC_541\Release\USB_Bootloader.a(CyLib.o)
 .text.CyILO_Stop100K
                0x00000000       0x10 .\CortexM3\ARM_GCC_541\Release\USB_Bootloader.a(CyLib.o)
 .text.CyPLL_OUT_Start
                0x00000000       0x74 .\CortexM3\ARM_GCC_541\Release\USB_Bootloader.a(CyLib.o)
 .text.CyIMO_Start
                0x00000000       0x5c .\CortexM3\ARM_GCC_541\Release\USB_Bootloader.a(CyLib.o)
 .text.CyILO_Enable33K
                0x00000000       0x10 .\CortexM3\ARM_GCC_541\Release\USB_Bootloader.a(CyLib.o)
 .text.CyILO_Disable33K
                0x00000000       0x10 .\CortexM3\ARM_GCC_541\Release\USB_Bootloader.a(CyLib.o)
 .text.CyILO_SetSource
                0x00000000       0x16 .\CortexM3\ARM_GCC_541\Release\USB_Bootloader.a(CyLib.o)
 .text.CyILO_SetPowerMode
                0x00000000       0x20 .\CortexM3\ARM_GCC_541\Release\USB_Bootloader.a(CyLib.o)
 .text.CyXTAL_32KHZ_Stop
                0x00000000       0x30 .\CortexM3\ARM_GCC_541\Release\USB_Bootloader.a(CyLib.o)
 .text.CyXTAL_32KHZ_ReadStatus
                0x00000000       0x10 .\CortexM3\ARM_GCC_541\Release\USB_Bootloader.a(CyLib.o)
 .text.CyXTAL_Start
                0x00000000       0xa0 .\CortexM3\ARM_GCC_541\Release\USB_Bootloader.a(CyLib.o)
 .text.CyXTAL_Stop
                0x00000000       0x10 .\CortexM3\ARM_GCC_541\Release\USB_Bootloader.a(CyLib.o)
 .text.CyXTAL_EnableErrStatus
                0x00000000       0x10 .\CortexM3\ARM_GCC_541\Release\USB_Bootloader.a(CyLib.o)
 .text.CyXTAL_DisableErrStatus
                0x00000000       0x10 .\CortexM3\ARM_GCC_541\Release\USB_Bootloader.a(CyLib.o)
 .text.CyXTAL_ReadStatus
                0x00000000        0xc .\CortexM3\ARM_GCC_541\Release\USB_Bootloader.a(CyLib.o)
 .text.CyXTAL_EnableFaultRecovery
                0x00000000       0x10 .\CortexM3\ARM_GCC_541\Release\USB_Bootloader.a(CyLib.o)
 .text.CyXTAL_DisableFaultRecovery
                0x00000000       0x10 .\CortexM3\ARM_GCC_541\Release\USB_Bootloader.a(CyLib.o)
 .text.CyXTAL_SetStartup
                0x00000000       0x18 .\CortexM3\ARM_GCC_541\Release\USB_Bootloader.a(CyLib.o)
 .text.CyXTAL_SetFbVoltage
                0x00000000       0x18 .\CortexM3\ARM_GCC_541\Release\USB_Bootloader.a(CyLib.o)
 .text.CyXTAL_SetWdVoltage
                0x00000000       0x18 .\CortexM3\ARM_GCC_541\Release\USB_Bootloader.a(CyLib.o)
 .text.CyXTAL_32KHZ_SetPowerMode
                0x00000000       0x6c .\CortexM3\ARM_GCC_541\Release\USB_Bootloader.a(CyLib.o)
 .text.CyXTAL_32KHZ_Start
                0x00000000       0x6c .\CortexM3\ARM_GCC_541\Release\USB_Bootloader.a(CyLib.o)
 .text.CyDelayFreq
                0x00000000       0x40 .\CortexM3\ARM_GCC_541\Release\USB_Bootloader.a(CyLib.o)
 .text.CyWdtStart
                0x00000000       0x40 .\CortexM3\ARM_GCC_541\Release\USB_Bootloader.a(CyLib.o)
 .text.CyWdtClear
                0x00000000        0xc .\CortexM3\ARM_GCC_541\Release\USB_Bootloader.a(CyLib.o)
 .text.CyVdLvDigitEnable
                0x00000000       0x64 .\CortexM3\ARM_GCC_541\Release\USB_Bootloader.a(CyLib.o)
 .text.CyVdLvAnalogEnable
                0x00000000       0x68 .\CortexM3\ARM_GCC_541\Release\USB_Bootloader.a(CyLib.o)
 .text.CyVdLvDigitDisable
                0x00000000       0x28 .\CortexM3\ARM_GCC_541\Release\USB_Bootloader.a(CyLib.o)
 .text.CyVdLvAnalogDisable
                0x00000000       0x28 .\CortexM3\ARM_GCC_541\Release\USB_Bootloader.a(CyLib.o)
 .text.CyVdHvAnalogEnable
                0x00000000       0x44 .\CortexM3\ARM_GCC_541\Release\USB_Bootloader.a(CyLib.o)
 .text.CyVdHvAnalogDisable
                0x00000000       0x10 .\CortexM3\ARM_GCC_541\Release\USB_Bootloader.a(CyLib.o)
 .text.CyVdStickyStatus
                0x00000000       0x14 .\CortexM3\ARM_GCC_541\Release\USB_Bootloader.a(CyLib.o)
 .text.CyVdRealTimeStatus
                0x00000000       0x18 .\CortexM3\ARM_GCC_541\Release\USB_Bootloader.a(CyLib.o)
 .text.CyDisableInts
                0x00000000       0x1c .\CortexM3\ARM_GCC_541\Release\USB_Bootloader.a(CyLib.o)
 .text.CyEnableInts
                0x00000000       0x18 .\CortexM3\ARM_GCC_541\Release\USB_Bootloader.a(CyLib.o)
 .text.CyIntSetSysVector
                0x00000000       0x18 .\CortexM3\ARM_GCC_541\Release\USB_Bootloader.a(CyLib.o)
 .text.CyIntGetSysVector
                0x00000000       0x14 .\CortexM3\ARM_GCC_541\Release\USB_Bootloader.a(CyLib.o)
 .text.CyIntGetVector
                0x00000000       0x14 .\CortexM3\ARM_GCC_541\Release\USB_Bootloader.a(CyLib.o)
 .text.CyIntGetPriority
                0x00000000       0x12 .\CortexM3\ARM_GCC_541\Release\USB_Bootloader.a(CyLib.o)
 .text.CyIntGetState
                0x00000000       0x18 .\CortexM3\ARM_GCC_541\Release\USB_Bootloader.a(CyLib.o)
 .text.CySysTickInit
                0x00000000       0x58 .\CortexM3\ARM_GCC_541\Release\USB_Bootloader.a(CyLib.o)
 .text.CySysTickStop
                0x00000000       0x10 .\CortexM3\ARM_GCC_541\Release\USB_Bootloader.a(CyLib.o)
 .text.CySysTickEnableInterrupt
                0x00000000       0x10 .\CortexM3\ARM_GCC_541\Release\USB_Bootloader.a(CyLib.o)
 .text.CySysTickEnable
                0x00000000       0x18 .\CortexM3\ARM_GCC_541\Release\USB_Bootloader.a(CyLib.o)
 .text.CySysTickStart
                0x00000000       0x1c .\CortexM3\ARM_GCC_541\Release\USB_Bootloader.a(CyLib.o)
 .text.CySysTickDisableInterrupt
                0x00000000       0x10 .\CortexM3\ARM_GCC_541\Release\USB_Bootloader.a(CyLib.o)
 .text.CySysTickSetReload
                0x00000000       0x10 .\CortexM3\ARM_GCC_541\Release\USB_Bootloader.a(CyLib.o)
 .text.CySysTickGetReload
                0x00000000       0x10 .\CortexM3\ARM_GCC_541\Release\USB_Bootloader.a(CyLib.o)
 .text.CySysTickGetValue
                0x00000000       0x10 .\CortexM3\ARM_GCC_541\Release\USB_Bootloader.a(CyLib.o)
 .text.CySysTickSetClockSource
                0x00000000       0x18 .\CortexM3\ARM_GCC_541\Release\USB_Bootloader.a(CyLib.o)
 .text.CySysTickGetCountFlag
                0x00000000       0x10 .\CortexM3\ARM_GCC_541\Release\USB_Bootloader.a(CyLib.o)
 .text.CySysTickServiceCallbacks
                0x00000000       0x24 .\CortexM3\ARM_GCC_541\Release\USB_Bootloader.a(CyLib.o)
 .text.CySysTickClear
                0x00000000        0xc .\CortexM3\ARM_GCC_541\Release\USB_Bootloader.a(CyLib.o)
 .text.CySysTickSetCallback
                0x00000000       0x14 .\CortexM3\ARM_GCC_541\Release\USB_Bootloader.a(CyLib.o)
 .text.CySysTickGetCallback
                0x00000000        0xc .\CortexM3\ARM_GCC_541\Release\USB_Bootloader.a(CyLib.o)
 .text          0x00000000        0x0 .\CortexM3\ARM_GCC_541\Release\USB_Bootloader.a(cyPm.o)
 .data          0x00000000        0x0 .\CortexM3\ARM_GCC_541\Release\USB_Bootloader.a(cyPm.o)
 .bss           0x00000000       0x43 .\CortexM3\ARM_GCC_541\Release\USB_Bootloader.a(cyPm.o)
 .text.CyPmHibSlpSaveSet
                0x00000000      0x1c0 .\CortexM3\ARM_GCC_541\Release\USB_Bootloader.a(cyPm.o)
 .text.CyPmHibSlpRestore
                0x00000000       0xc0 .\CortexM3\ARM_GCC_541\Release\USB_Bootloader.a(cyPm.o)
 .text.CyPmSaveClocks
                0x00000000      0x1e0 .\CortexM3\ARM_GCC_541\Release\USB_Bootloader.a(cyPm.o)
 .text.CyPmRestoreClocks
                0x00000000      0x214 .\CortexM3\ARM_GCC_541\Release\USB_Bootloader.a(cyPm.o)
 .text.CyPmAltAct
                0x00000000       0x60 .\CortexM3\ARM_GCC_541\Release\USB_Bootloader.a(cyPm.o)
 .text.CyPmSleep
                0x00000000       0xe4 .\CortexM3\ARM_GCC_541\Release\USB_Bootloader.a(cyPm.o)
 .text.CyPmHibernate
                0x00000000      0x264 .\CortexM3\ARM_GCC_541\Release\USB_Bootloader.a(cyPm.o)
 .text.CyPmReadStatus
                0x00000000       0x2c .\CortexM3\ARM_GCC_541\Release\USB_Bootloader.a(cyPm.o)
 .text.CyPmCtwSetInterval
                0x00000000       0x50 .\CortexM3\ARM_GCC_541\Release\USB_Bootloader.a(cyPm.o)
 .text.CyPmOppsSet
                0x00000000       0x2c .\CortexM3\ARM_GCC_541\Release\USB_Bootloader.a(cyPm.o)
 .text.CyPmFtwSetInterval
                0x00000000       0x50 .\CortexM3\ARM_GCC_541\Release\USB_Bootloader.a(cyPm.o)
 .rodata        0x00000000        0xe .\CortexM3\ARM_GCC_541\Release\USB_Bootloader.a(cyPm.o)
 .text          0x00000000        0x0 .\CortexM3\ARM_GCC_541\Release\USB_Bootloader.a(CySpc.o)
 .data          0x00000000        0x0 .\CortexM3\ARM_GCC_541\Release\USB_Bootloader.a(CySpc.o)
 .text.CySpcStop
                0x00000000       0x24 .\CortexM3\ARM_GCC_541\Release\USB_Bootloader.a(CySpc.o)
 .text.CySpcLoadMultiByte
                0x00000000       0x6c .\CortexM3\ARM_GCC_541\Release\USB_Bootloader.a(CySpc.o)
 .text.CySpcLoadRow
                0x00000000       0x48 .\CortexM3\ARM_GCC_541\Release\USB_Bootloader.a(CySpc.o)
 .text.CySpcEraseSector
                0x00000000       0x38 .\CortexM3\ARM_GCC_541\Release\USB_Bootloader.a(CySpc.o)
 .text          0x00000000        0x0 .\CortexM3\ARM_GCC_541\Release\USB_Bootloader.a(BOOTLDR.o)
 .data          0x00000000        0x0 .\CortexM3\ARM_GCC_541\Release\USB_Bootloader.a(BOOTLDR.o)
 .bss           0x00000000        0x0 .\CortexM3\ARM_GCC_541\Release\USB_Bootloader.a(BOOTLDR.o)
 .text.BOOTLDR_Write
                0x00000000       0x18 .\CortexM3\ARM_GCC_541\Release\USB_Bootloader.a(BOOTLDR.o)
 .text.BOOTLDR_SetDriveMode
                0x00000000       0x18 .\CortexM3\ARM_GCC_541\Release\USB_Bootloader.a(BOOTLDR.o)
 .text.BOOTLDR_ReadDataReg
                0x00000000       0x10 .\CortexM3\ARM_GCC_541\Release\USB_Bootloader.a(BOOTLDR.o)
 .data          0x00000000        0x0 .\CortexM3\ARM_GCC_541\Release\USB_Bootloader.a(CyBootAsmGnu.o)
 .bss           0x00000000        0x0 .\CortexM3\ARM_GCC_541\Release\USB_Bootloader.a(CyBootAsmGnu.o)
 .text          0x00000000        0x0 .\CortexM3\ARM_GCC_541\Release\USB_Bootloader.a(USBFS_boot.o)
 .data          0x00000000        0x0 .\CortexM3\ARM_GCC_541\Release\USB_Bootloader.a(USBFS_boot.o)
 .text.USBFS_CyBtldrCommStop
                0x00000000        0x4 .\CortexM3\ARM_GCC_541\Release\USB_Bootloader.a(USBFS_boot.o)
 .text          0x00000000        0x0 .\CortexM3\ARM_GCC_541\Release\USB_Bootloader.a(USBFS.o)
 .data          0x00000000        0x0 .\CortexM3\ARM_GCC_541\Release\USB_Bootloader.a(USBFS.o)
 .text.USBFS_Stop
                0x00000000       0x7c .\CortexM3\ARM_GCC_541\Release\USB_Bootloader.a(USBFS.o)
 .text.USBFS_CheckActivity
                0x00000000       0x18 .\CortexM3\ARM_GCC_541\Release\USB_Bootloader.a(USBFS.o)
 .text.USBFS_GetInterfaceSetting
                0x00000000        0xc .\CortexM3\ARM_GCC_541\Release\USB_Bootloader.a(USBFS.o)
 .text.USBFS_DisableOutEP
                0x00000000       0x18 .\CortexM3\ARM_GCC_541\Release\USB_Bootloader.a(USBFS.o)
 .text.USBFS_Force
                0x00000000        0xc .\CortexM3\ARM_GCC_541\Release\USB_Bootloader.a(USBFS.o)
 .text.USBFS_GetEPAckState
                0x00000000       0x20 .\CortexM3\ARM_GCC_541\Release\USB_Bootloader.a(USBFS.o)
 .text.USBFS_SetPowerStatus
                0x00000000       0x18 .\CortexM3\ARM_GCC_541\Release\USB_Bootloader.a(USBFS.o)
 .text.USBFS_RWUEnabled
                0x00000000       0x10 .\CortexM3\ARM_GCC_541\Release\USB_Bootloader.a(USBFS.o)
 .text          0x00000000        0x0 .\CortexM3\ARM_GCC_541\Release\USB_Bootloader.a(USBFS_drv.o)
 .data          0x00000000        0x0 .\CortexM3\ARM_GCC_541\Release\USB_Bootloader.a(USBFS_drv.o)
 .bss           0x00000000        0x0 .\CortexM3\ARM_GCC_541\Release\USB_Bootloader.a(USBFS_drv.o)
 .text.USBFS_ControlReadDataStage
                0x00000000        0x4 .\CortexM3\ARM_GCC_541\Release\USB_Bootloader.a(USBFS_drv.o)
 .text          0x00000000        0x0 .\CortexM3\ARM_GCC_541\Release\USB_Bootloader.a(USBFS_episr.o)
 .data          0x00000000        0x0 .\CortexM3\ARM_GCC_541\Release\USB_Bootloader.a(USBFS_episr.o)
 .bss           0x00000000        0x0 .\CortexM3\ARM_GCC_541\Release\USB_Bootloader.a(USBFS_episr.o)
 .text          0x00000000        0x0 .\CortexM3\ARM_GCC_541\Release\USB_Bootloader.a(USBFS_hid.o)
 .data          0x00000000        0x0 .\CortexM3\ARM_GCC_541\Release\USB_Bootloader.a(USBFS_hid.o)
 .bss           0x00000000        0x0 .\CortexM3\ARM_GCC_541\Release\USB_Bootloader.a(USBFS_hid.o)
 .text.USBFS_UpdateHIDTimer
                0x00000000       0x34 .\CortexM3\ARM_GCC_541\Release\USB_Bootloader.a(USBFS_hid.o)
 .text.USBFS_GetProtocol
                0x00000000        0xc .\CortexM3\ARM_GCC_541\Release\USB_Bootloader.a(USBFS_hid.o)
 .text          0x00000000        0x0 .\CortexM3\ARM_GCC_541\Release\USB_Bootloader.a(USBFS_std.o)
 .data          0x00000000        0x0 .\CortexM3\ARM_GCC_541\Release\USB_Bootloader.a(USBFS_std.o)
 .text.USBFS_GetDeviceTablePtr
                0x00000000       0x18 .\CortexM3\ARM_GCC_541\Release\USB_Bootloader.a(USBFS_std.o)
 .text.USBFS_TerminateEP
                0x00000000       0x40 .\CortexM3\ARM_GCC_541\Release\USB_Bootloader.a(USBFS_std.o)
 .text          0x00000000        0x0 .\CortexM3\ARM_GCC_541\Release\USB_Bootloader.a(USBFS_vnd.o)
 .data          0x00000000        0x0 .\CortexM3\ARM_GCC_541\Release\USB_Bootloader.a(USBFS_vnd.o)
 .bss           0x00000000        0x0 .\CortexM3\ARM_GCC_541\Release\USB_Bootloader.a(USBFS_vnd.o)
 .text          0x00000000        0x0 .\CortexM3\ARM_GCC_541\Release\USB_Bootloader.a(USBFS_cls.o)
 .data          0x00000000        0x0 .\CortexM3\ARM_GCC_541\Release\USB_Bootloader.a(USBFS_cls.o)
 .bss           0x00000000        0x0 .\CortexM3\ARM_GCC_541\Release\USB_Bootloader.a(USBFS_cls.o)
 .text          0x00000000        0x0 .\CortexM3\ARM_GCC_541\Release\USB_Bootloader.a(USBFS_descr.o)
 .data          0x00000000        0x0 .\CortexM3\ARM_GCC_541\Release\USB_Bootloader.a(USBFS_descr.o)
 .bss           0x00000000        0x0 .\CortexM3\ARM_GCC_541\Release\USB_Bootloader.a(USBFS_descr.o)
 .text          0x00000000        0x0 c:/program files (x86)/cypress/psoc creator/4.2/psoc creator/import/gnu/arm/5.4.1/bin/../lib/gcc/arm-none-eabi/5.4.1/../../../../arm-none-eabi/lib/armv7-m\libg_nano.a(lib_a-errno.o)
 .data          0x00000000        0x0 c:/program files (x86)/cypress/psoc creator/4.2/psoc creator/import/gnu/arm/5.4.1/bin/../lib/gcc/arm-none-eabi/5.4.1/../../../../arm-none-eabi/lib/armv7-m\libg_nano.a(lib_a-errno.o)
 .bss           0x00000000        0x0 c:/program files (x86)/cypress/psoc creator/4.2/psoc creator/import/gnu/arm/5.4.1/bin/../lib/gcc/arm-none-eabi/5.4.1/../../../../arm-none-eabi/lib/armv7-m\libg_nano.a(lib_a-errno.o)
 .text.__errno  0x00000000        0xc c:/program files (x86)/cypress/psoc creator/4.2/psoc creator/import/gnu/arm/5.4.1/bin/../lib/gcc/arm-none-eabi/5.4.1/../../../../arm-none-eabi/lib/armv7-m\libg_nano.a(lib_a-errno.o)
 .text          0x00000000        0x0 c:/program files (x86)/cypress/psoc creator/4.2/psoc creator/import/gnu/arm/5.4.1/bin/../lib/gcc/arm-none-eabi/5.4.1/../../../../arm-none-eabi/lib/armv7-m\libg_nano.a(lib_a-exit.o)
 .data          0x00000000        0x0 c:/program files (x86)/cypress/psoc creator/4.2/psoc creator/import/gnu/arm/5.4.1/bin/../lib/gcc/arm-none-eabi/5.4.1/../../../../arm-none-eabi/lib/armv7-m\libg_nano.a(lib_a-exit.o)
 .bss           0x00000000        0x0 c:/program files (x86)/cypress/psoc creator/4.2/psoc creator/import/gnu/arm/5.4.1/bin/../lib/gcc/arm-none-eabi/5.4.1/../../../../arm-none-eabi/lib/armv7-m\libg_nano.a(lib_a-exit.o)
 .text.exit     0x00000000       0x28 c:/program files (x86)/cypress/psoc creator/4.2/psoc creator/import/gnu/arm/5.4.1/bin/../lib/gcc/arm-none-eabi/5.4.1/../../../../arm-none-eabi/lib/armv7-m\libg_nano.a(lib_a-exit.o)
 .text          0x00000000        0x0 c:/program files (x86)/cypress/psoc creator/4.2/psoc creator/import/gnu/arm/5.4.1/bin/../lib/gcc/arm-none-eabi/5.4.1/../../../../arm-none-eabi/lib/armv7-m\libg_nano.a(lib_a-impure.o)
 .data          0x00000000        0x0 c:/program files (x86)/cypress/psoc creator/4.2/psoc creator/import/gnu/arm/5.4.1/bin/../lib/gcc/arm-none-eabi/5.4.1/../../../../arm-none-eabi/lib/armv7-m\libg_nano.a(lib_a-impure.o)
 .bss           0x00000000        0x0 c:/program files (x86)/cypress/psoc creator/4.2/psoc creator/import/gnu/arm/5.4.1/bin/../lib/gcc/arm-none-eabi/5.4.1/../../../../arm-none-eabi/lib/armv7-m\libg_nano.a(lib_a-impure.o)
 .data.impure_data
                0x00000000       0x60 c:/program files (x86)/cypress/psoc creator/4.2/psoc creator/import/gnu/arm/5.4.1/bin/../lib/gcc/arm-none-eabi/5.4.1/../../../../arm-none-eabi/lib/armv7-m\libg_nano.a(lib_a-impure.o)
 .data._impure_ptr
                0x00000000        0x4 c:/program files (x86)/cypress/psoc creator/4.2/psoc creator/import/gnu/arm/5.4.1/bin/../lib/gcc/arm-none-eabi/5.4.1/../../../../arm-none-eabi/lib/armv7-m\libg_nano.a(lib_a-impure.o)
 .rodata.str1.1
                0x00000000        0x2 c:/program files (x86)/cypress/psoc creator/4.2/psoc creator/import/gnu/arm/5.4.1/bin/../lib/gcc/arm-none-eabi/5.4.1/../../../../arm-none-eabi/lib/armv7-m\libg_nano.a(lib_a-impure.o)
 .rodata._global_impure_ptr
                0x00000000        0x4 c:/program files (x86)/cypress/psoc creator/4.2/psoc creator/import/gnu/arm/5.4.1/bin/../lib/gcc/arm-none-eabi/5.4.1/../../../../arm-none-eabi/lib/armv7-m\libg_nano.a(lib_a-impure.o)
 .text          0x00000000        0x0 c:/program files (x86)/cypress/psoc creator/4.2/psoc creator/import/gnu/arm/5.4.1/bin/../lib/gcc/arm-none-eabi/5.4.1/../../../../arm-none-eabi/lib/armv7-m\libg_nano.a(lib_a-init.o)
 .data          0x00000000        0x0 c:/program files (x86)/cypress/psoc creator/4.2/psoc creator/import/gnu/arm/5.4.1/bin/../lib/gcc/arm-none-eabi/5.4.1/../../../../arm-none-eabi/lib/armv7-m\libg_nano.a(lib_a-init.o)
 .bss           0x00000000        0x0 c:/program files (x86)/cypress/psoc creator/4.2/psoc creator/import/gnu/arm/5.4.1/bin/../lib/gcc/arm-none-eabi/5.4.1/../../../../arm-none-eabi/lib/armv7-m\libg_nano.a(lib_a-init.o)
 .text          0x00000000        0x0 c:/program files (x86)/cypress/psoc creator/4.2/psoc creator/import/gnu/arm/5.4.1/bin/../lib/gcc/arm-none-eabi/5.4.1/../../../../arm-none-eabi/lib/armv7-m\libg_nano.a(lib_a-memcpy-stub.o)
 .data          0x00000000        0x0 c:/program files (x86)/cypress/psoc creator/4.2/psoc creator/import/gnu/arm/5.4.1/bin/../lib/gcc/arm-none-eabi/5.4.1/../../../../arm-none-eabi/lib/armv7-m\libg_nano.a(lib_a-memcpy-stub.o)
 .bss           0x00000000        0x0 c:/program files (x86)/cypress/psoc creator/4.2/psoc creator/import/gnu/arm/5.4.1/bin/../lib/gcc/arm-none-eabi/5.4.1/../../../../arm-none-eabi/lib/armv7-m\libg_nano.a(lib_a-memcpy-stub.o)
 .text          0x00000000        0x0 c:/program files (x86)/cypress/psoc creator/4.2/psoc creator/import/gnu/arm/5.4.1/bin/../lib/gcc/arm-none-eabi/5.4.1/../../../../arm-none-eabi/lib/armv7-m\libg_nano.a(lib_a-memset.o)
 .data          0x00000000        0x0 c:/program files (x86)/cypress/psoc creator/4.2/psoc creator/import/gnu/arm/5.4.1/bin/../lib/gcc/arm-none-eabi/5.4.1/../../../../arm-none-eabi/lib/armv7-m\libg_nano.a(lib_a-memset.o)
 .bss           0x00000000        0x0 c:/program files (x86)/cypress/psoc creator/4.2/psoc creator/import/gnu/arm/5.4.1/bin/../lib/gcc/arm-none-eabi/5.4.1/../../../../arm-none-eabi/lib/armv7-m\libg_nano.a(lib_a-memset.o)
 .text          0x00000000        0x0 c:/program files (x86)/cypress/psoc creator/4.2/psoc creator/import/gnu/arm/5.4.1/bin/../lib/gcc/arm-none-eabi/5.4.1/armv7-m/crtend.o
 .data          0x00000000        0x0 c:/program files (x86)/cypress/psoc creator/4.2/psoc creator/import/gnu/arm/5.4.1/bin/../lib/gcc/arm-none-eabi/5.4.1/armv7-m/crtend.o
 .bss           0x00000000        0x0 c:/program files (x86)/cypress/psoc creator/4.2/psoc creator/import/gnu/arm/5.4.1/bin/../lib/gcc/arm-none-eabi/5.4.1/armv7-m/crtend.o
 .text          0x00000000        0x0 c:/program files (x86)/cypress/psoc creator/4.2/psoc creator/import/gnu/arm/5.4.1/bin/../lib/gcc/arm-none-eabi/5.4.1/armv7-m/crtn.o
 .data          0x00000000        0x0 c:/program files (x86)/cypress/psoc creator/4.2/psoc creator/import/gnu/arm/5.4.1/bin/../lib/gcc/arm-none-eabi/5.4.1/armv7-m/crtn.o
 .bss           0x00000000        0x0 c:/program files (x86)/cypress/psoc creator/4.2/psoc creator/import/gnu/arm/5.4.1/bin/../lib/gcc/arm-none-eabi/5.4.1/armv7-m/crtn.o

Memory Configuration

Name             Origin             Length             Attributes
rom              0x00000000         0x00020000         xr
ram              0x1fffc000         0x00008000         xrw
*default*        0x00000000         0xffffffff

Linker script and memory map

LOAD c:/program files (x86)/cypress/psoc creator/4.2/psoc creator/import/gnu/arm/5.4.1/bin/../lib/gcc/arm-none-eabi/5.4.1/armv7-m/crti.o
LOAD c:/program files (x86)/cypress/psoc creator/4.2/psoc creator/import/gnu/arm/5.4.1/bin/../lib/gcc/arm-none-eabi/5.4.1/armv7-m/crtbegin.o
LOAD c:/program files (x86)/cypress/psoc creator/4.2/psoc creator/import/gnu/arm/5.4.1/bin/../lib/gcc/arm-none-eabi/5.4.1/../../../../arm-none-eabi/lib/armv7-m/crt0.o
START GROUP
LOAD .\CortexM3\ARM_GCC_541\Release\main.o
LOAD .\CortexM3\ARM_GCC_541\Release\cyfitter_cfg.o
LOAD .\CortexM3\ARM_GCC_541\Release\cymetadata.o
LOAD .\CortexM3\ARM_GCC_541\Release\Cm3Start.o
LOAD .\CortexM3\ARM_GCC_541\Release\USB_Bootloader.a
LOAD C:\Program Files (x86)\Cypress\PSoC Creator\4.2\PSoC Creator\psoc\content\cycomponentlibrary\CyComponentLibrary.cylib\CortexM3\ARM_GCC_541\Release\CyComponentLibrary.a
END GROUP
START GROUP
LOAD c:/program files (x86)/cypress/psoc creator/4.2/psoc creator/import/gnu/arm/5.4.1/bin/../lib/gcc/arm-none-eabi/5.4.1/armv7-m\libgcc.a
LOAD c:/program files (x86)/cypress/psoc creator/4.2/psoc creator/import/gnu/arm/5.4.1/bin/../lib/gcc/arm-none-eabi/5.4.1/../../../../arm-none-eabi/lib/armv7-m\libg_nano.a
LOAD c:/program files (x86)/cypress/psoc creator/4.2/psoc creator/import/gnu/arm/5.4.1/bin/../lib/gcc/arm-none-eabi/5.4.1/../../../../arm-none-eabi/lib/armv7-m\libc_nano.a
END GROUP
START GROUP
LOAD c:/program files (x86)/cypress/psoc creator/4.2/psoc creator/import/gnu/arm/5.4.1/bin/../lib/gcc/arm-none-eabi/5.4.1/armv7-m\libgcc.a
LOAD c:/program files (x86)/cypress/psoc creator/4.2/psoc creator/import/gnu/arm/5.4.1/bin/../lib/gcc/arm-none-eabi/5.4.1/../../../../arm-none-eabi/lib/armv7-m\libc_nano.a
END GROUP
LOAD c:/program files (x86)/cypress/psoc creator/4.2/psoc creator/import/gnu/arm/5.4.1/bin/../lib/gcc/arm-none-eabi/5.4.1/armv7-m/crtend.o
LOAD c:/program files (x86)/cypress/psoc creator/4.2/psoc creator/import/gnu/arm/5.4.1/bin/../lib/gcc/arm-none-eabi/5.4.1/armv7-m/crtn.o
START GROUP
LOAD c:/program files (x86)/cypress/psoc creator/4.2/psoc creator/import/gnu/arm/5.4.1/bin/../lib/gcc/arm-none-eabi/5.4.1/armv7-m\libgcc.a
LOAD c:/program files (x86)/cypress/psoc creator/4.2/psoc creator/import/gnu/arm/5.4.1/bin/../lib/gcc/arm-none-eabi/5.4.1/../../../../arm-none-eabi/lib/armv7-m\libc.a
LOAD c:/program files (x86)/cypress/psoc creator/4.2/psoc creator/import/gnu/arm/5.4.1/bin/../lib/gcc/arm-none-eabi/5.4.1/../../../../arm-none-eabi/lib/armv7-m\libnosys.a
END GROUP
                0x00000000                CY_APPL_ORIGIN = 0x0
                0x00000100                CY_FLASH_ROW_SIZE = 0x100
                0x00000020                CY_ECC_ROW_SIZE = 0x20
                0x00000000                CY_EE_IN_BTLDR = 0x0
                0x00000000                CY_APPL_LOADABLE = 0x0
                0x00000800                CY_EE_SIZE = 0x800
                0x00000001                CY_APPL_NUM = 0x1
                0x00000001                CY_APPL_MAX = 0x1
                0x00000040                CY_METADATA_SIZE = 0x40
                [!provide]                PROVIDE (__cy_heap_start, _end)
                0x00000001                PROVIDE (__cy_region_num, ((__cy_regions_end - __cy_regions) / 0x10))
                0x20004000                PROVIDE (__cy_stack, (ORIGIN (ram) + LENGTH (ram)))
                [!provide]                PROVIDE (__cy_heap_end, (__cy_stack - 0x2000))

.cybootloader   0x00000000        0x0
 *(.cybootloader)
                0x00000000                appl1_start = CY_APPL_ORIGIN?CY_APPL_ORIGIN:ALIGN (CY_FLASH_ROW_SIZE)
                0x0000ff00                appl2_start = (appl1_start + ALIGN ((((LENGTH (rom) - appl1_start) - (0x2 * CY_FLASH_ROW_SIZE)) / 0x2), CY_FLASH_ROW_SIZE))
                0x00000000                appl_start = (CY_APPL_NUM == 0x1)?appl1_start:appl2_start
                0x00000000                ecc_offset = ((appl_start / CY_FLASH_ROW_SIZE) * CY_ECC_ROW_SIZE)
                0x00000000                ee_offset = (CY_APPL_LOADABLE && ! (CY_EE_IN_BTLDR))?((CY_EE_SIZE / CY_APPL_MAX) * (CY_APPL_NUM - 0x1)):0x0
                0x00000800                ee_size = (CY_APPL_LOADABLE && ! (CY_EE_IN_BTLDR))?(CY_EE_SIZE / CY_APPL_MAX):CY_EE_SIZE
                [!provide]                PROVIDE (CY_ECC_OFFSET, ecc_offset)

.text           0x00000000     0x2189
 CREATE_OBJECT_SYMBOLS
                0x00000000                PROVIDE (__cy_interrupt_vector, RomVectors)
 *(.romvectors)
 .romvectors    0x00000000       0x10 .\CortexM3\ARM_GCC_541\Release\Cm3Start.o
                0x00000000                RomVectors
                0x00000001                ASSERT ((. != __cy_interrupt_vector), No interrupt vector)
                0x00000001                ASSERT (CY_APPL_ORIGIN?(SIZEOF (.cybootloader) <= CY_APPL_ORIGIN):0x1, Wrong image location)
                0x00000010                PROVIDE (__cy_reset, Reset)
 *(.text.Reset)
 .text.Reset    0x00000010       0x1c .\CortexM3\ARM_GCC_541\Release\Cm3Start.o
                0x00000010                Reset
                0x00000001                ASSERT ((. != __cy_reset), No reset code)
 *(.dma_init)
                0x00000001                ASSERT ((((appl_start + .) <= 0x10000) || 0x1), DMA Init must be within the first 64k of flash)
 *(.text .text.* .gnu.linkonce.t.*)
 .text          0x0000002c       0x5c c:/program files (x86)/cypress/psoc creator/4.2/psoc creator/import/gnu/arm/5.4.1/bin/../lib/gcc/arm-none-eabi/5.4.1/armv7-m/crtbegin.o
 .text.startup.main
                0x00000088      0x128 .\CortexM3\ARM_GCC_541\Release\main.o
                0x00000088                main
 .text.cyfitter_cfg
                0x000001b0      0x1e4 .\CortexM3\ARM_GCC_541\Release\cyfitter_cfg.o
                0x000001b0                cyfitter_cfg
 .text.IntDefaultHandler
                0x00000394        0x2 .\CortexM3\ARM_GCC_541\Release\Cm3Start.o
                0x00000394                IntDefaultHandler
 *fill*         0x00000396        0x2 
 .text.Start_c  0x00000398       0x50 .\CortexM3\ARM_GCC_541\Release\Cm3Start.o
                0x00000398                Start_c
 .text.startup.initialize_psoc
                0x000003e8       0x68 .\CortexM3\ARM_GCC_541\Release\Cm3Start.o
                0x000003e8                initialize_psoc
 .text.BL_LaunchBootloadable
                0x00000450        0x2 .\CortexM3\ARM_GCC_541\Release\USB_Bootloader.a(BL.o)
 .text.BL_Calc8BitSum
                0x00000452       0x14 .\CortexM3\ARM_GCC_541\Release\USB_Bootloader.a(BL.o)
                0x00000452                BL_Calc8BitSum
 .text.BL_SetFlashByte
                0x00000466       0x3a .\CortexM3\ARM_GCC_541\Release\USB_Bootloader.a(BL.o)
                0x00000466                BL_SetFlashByte
 .text.BL_GetMetadata
                0x000004a0       0xb4 .\CortexM3\ARM_GCC_541\Release\USB_Bootloader.a(BL.o)
                0x000004a0                BL_GetMetadata
 .text.CyBtldr_CheckLaunch
                0x00000554       0x34 .\CortexM3\ARM_GCC_541\Release\USB_Bootloader.a(BL.o)
                0x00000554                CyBtldr_CheckLaunch
 .text.BL_ValidateBootloadable
                0x00000588       0xb0 .\CortexM3\ARM_GCC_541\Release\USB_Bootloader.a(BL.o)
                0x00000588                BL_ValidateBootloadable
 .text.BL_HostLink.constprop.0
                0x00000638      0x35c .\CortexM3\ARM_GCC_541\Release\USB_Bootloader.a(BL.o)
 .text.BL_Start
                0x00000994       0x70 .\CortexM3\ARM_GCC_541\Release\USB_Bootloader.a(BL.o)
                0x00000994                BL_Start
 .text.CySetTemp
                0x00000a04       0x94 .\CortexM3\ARM_GCC_541\Release\USB_Bootloader.a(CyFlash.o)
                0x00000a04                CySetTemp
 .text.CyWriteRowFull
                0x00000a98       0xcc .\CortexM3\ARM_GCC_541\Release\USB_Bootloader.a(CyFlash.o)
                0x00000a98                CyWriteRowFull
 .text.CyWriteRowData
                0x00000b64        0xe .\CortexM3\ARM_GCC_541\Release\USB_Bootloader.a(CyFlash.o)
                0x00000b64                CyWriteRowData
 *fill*         0x00000b72        0x2 
 .text.CyEEPROM_Start
                0x00000b74       0x50 .\CortexM3\ARM_GCC_541\Release\USB_Bootloader.a(CyFlash.o)
                0x00000b74                CyEEPROM_Start
 .text.CyHalt   0x00000bc4        0x4 .\CortexM3\ARM_GCC_541\Release\USB_Bootloader.a(CyLib.o)
                0x00000bc4                CyHalt
 .text.CySoftwareReset
                0x00000bc8       0x10 .\CortexM3\ARM_GCC_541\Release\USB_Bootloader.a(CyLib.o)
                0x00000bc8                CySoftwareReset
 .text.CyDelay  0x00000bd8       0x2c .\CortexM3\ARM_GCC_541\Release\USB_Bootloader.a(CyLib.o)
                0x00000bd8                CyDelay
 .text.CyDelayUs
                0x00000c04       0x10 .\CortexM3\ARM_GCC_541\Release\USB_Bootloader.a(CyLib.o)
                0x00000c04                CyDelayUs
 .text.CyFlushCache
                0x00000c14       0x44 .\CortexM3\ARM_GCC_541\Release\USB_Bootloader.a(CyLib.o)
                0x00000c14                CyFlushCache
 .text.CyIntSetVector
                0x00000c58       0x1c .\CortexM3\ARM_GCC_541\Release\USB_Bootloader.a(CyLib.o)
                0x00000c58                CyIntSetVector
 .text.CyIntSetPriority
                0x00000c74       0x14 .\CortexM3\ARM_GCC_541\Release\USB_Bootloader.a(CyLib.o)
                0x00000c74                CyIntSetPriority
 .text.CySpcStart
                0x00000c88       0x24 .\CortexM3\ARM_GCC_541\Release\USB_Bootloader.a(CySpc.o)
                0x00000c88                CySpcStart
 .text.CySpcReadData
                0x00000cac       0x3c .\CortexM3\ARM_GCC_541\Release\USB_Bootloader.a(CySpc.o)
                0x00000cac                CySpcReadData
 .text.CySpcLoadRowFull
                0x00000ce8       0x6c .\CortexM3\ARM_GCC_541\Release\USB_Bootloader.a(CySpc.o)
                0x00000ce8                CySpcLoadRowFull
 .text.CySpcWriteRow
                0x00000d54       0x40 .\CortexM3\ARM_GCC_541\Release\USB_Bootloader.a(CySpc.o)
                0x00000d54                CySpcWriteRow
 .text.CySpcGetTemp
                0x00000d94       0x34 .\CortexM3\ARM_GCC_541\Release\USB_Bootloader.a(CySpc.o)
                0x00000d94                CySpcGetTemp
 .text.CySpcLock
                0x00000dc8       0x40 .\CortexM3\ARM_GCC_541\Release\USB_Bootloader.a(CySpc.o)
                0x00000dc8                CySpcLock
 .text.CySpcUnlock
                0x00000e08       0x34 .\CortexM3\ARM_GCC_541\Release\USB_Bootloader.a(CySpc.o)
                0x00000e08                CySpcUnlock
 .text.CySpcGetAlgorithm
                0x00000e3c       0x28 .\CortexM3\ARM_GCC_541\Release\USB_Bootloader.a(CySpc.o)
                0x00000e3c                CySpcGetAlgorithm
 .text.BOOTLDR_Read
                0x00000e64       0x10 .\CortexM3\ARM_GCC_541\Release\USB_Bootloader.a(BOOTLDR.o)
                0x00000e64                BOOTLDR_Read
 *fill*         0x00000e74        0x4 
 .text          0x00000e78       0x20 .\CortexM3\ARM_GCC_541\Release\USB_Bootloader.a(CyBootAsmGnu.o)
                0x00000e78                CyDelayCycles
                0x00000e88                CyEnterCriticalSection
                0x00000e90                CyExitCriticalSection
 .text.USBFS_CyBtldrCommStart
                0x00000e98       0x18 .\CortexM3\ARM_GCC_541\Release\USB_Bootloader.a(USBFS_boot.o)
                0x00000e98                USBFS_CyBtldrCommStart
 .text.USBFS_CyBtldrCommReset
                0x00000eb0        0x6 .\CortexM3\ARM_GCC_541\Release\USB_Bootloader.a(USBFS_boot.o)
                0x00000eb0                USBFS_CyBtldrCommReset
 .text.USBFS_CyBtldrCommWrite
                0x00000eb6       0x3e .\CortexM3\ARM_GCC_541\Release\USB_Bootloader.a(USBFS_boot.o)
                0x00000eb6                USBFS_CyBtldrCommWrite
 .text.USBFS_CyBtldrCommRead
                0x00000ef4       0x98 .\CortexM3\ARM_GCC_541\Release\USB_Bootloader.a(USBFS_boot.o)
                0x00000ef4                USBFS_CyBtldrCommRead
 .text.USBFS_Init
                0x00000f8c      0x114 .\CortexM3\ARM_GCC_541\Release\USB_Bootloader.a(USBFS.o)
                0x00000f8c                USBFS_Init
 .text.USBFS_InitComponent
                0x000010a0       0x98 .\CortexM3\ARM_GCC_541\Release\USB_Bootloader.a(USBFS.o)
                0x000010a0                USBFS_InitComponent
 .text.USBFS_Start
                0x00001138       0x24 .\CortexM3\ARM_GCC_541\Release\USB_Bootloader.a(USBFS.o)
                0x00001138                USBFS_Start
 .text.USBFS_ReInitComponent
                0x0000115c       0x58 .\CortexM3\ARM_GCC_541\Release\USB_Bootloader.a(USBFS.o)
                0x0000115c                USBFS_ReInitComponent
 .text.USBFS_GetConfiguration
                0x000011b4        0xc .\CortexM3\ARM_GCC_541\Release\USB_Bootloader.a(USBFS.o)
                0x000011b4                USBFS_GetConfiguration
 .text.USBFS_IsConfigurationChanged
                0x000011c0       0x18 .\CortexM3\ARM_GCC_541\Release\USB_Bootloader.a(USBFS.o)
                0x000011c0                USBFS_IsConfigurationChanged
 .text.USBFS_GetEPState
                0x000011d8       0x10 .\CortexM3\ARM_GCC_541\Release\USB_Bootloader.a(USBFS.o)
                0x000011d8                USBFS_GetEPState
 .text.USBFS_GetEPCount
                0x000011e8       0x2c .\CortexM3\ARM_GCC_541\Release\USB_Bootloader.a(USBFS.o)
                0x000011e8                USBFS_GetEPCount
 .text.USBFS_LoadInEP
                0x00001214       0x84 .\CortexM3\ARM_GCC_541\Release\USB_Bootloader.a(USBFS.o)
                0x00001214                USBFS_LoadInEP
 .text.USBFS_EnableOutEP
                0x00001298       0x2c .\CortexM3\ARM_GCC_541\Release\USB_Bootloader.a(USBFS.o)
                0x00001298                USBFS_EnableOutEP
 .text.USBFS_ReadOutEP
                0x000012c4       0x4c .\CortexM3\ARM_GCC_541\Release\USB_Bootloader.a(USBFS.o)
                0x000012c4                USBFS_ReadOutEP
 .text.USBFS_LoadEP0
                0x00001310       0x90 .\CortexM3\ARM_GCC_541\Release\USB_Bootloader.a(USBFS_drv.o)
                0x00001310                USBFS_LoadEP0
 .text.USBFS_InitZeroLengthControlTransfer
                0x000013a0       0x34 .\CortexM3\ARM_GCC_541\Release\USB_Bootloader.a(USBFS_drv.o)
                0x000013a0                USBFS_InitZeroLengthControlTransfer
 .text.USBFS_ControlWriteDataStage
                0x000013d4       0x74 .\CortexM3\ARM_GCC_541\Release\USB_Bootloader.a(USBFS_drv.o)
                0x000013d4                USBFS_ControlWriteDataStage
 .text.USBFS_InitNoDataControlTransfer
                0x00001448       0x2c .\CortexM3\ARM_GCC_541\Release\USB_Bootloader.a(USBFS_drv.o)
                0x00001448                USBFS_InitNoDataControlTransfer
 .text.USBFS_UpdateStatusBlock
                0x00001474       0x20 .\CortexM3\ARM_GCC_541\Release\USB_Bootloader.a(USBFS_drv.o)
                0x00001474                USBFS_UpdateStatusBlock
 .text.USBFS_HandleSetup
                0x00001494       0x58 .\CortexM3\ARM_GCC_541\Release\USB_Bootloader.a(USBFS_drv.o)
                0x00001494                USBFS_HandleSetup
 .text.USBFS_ControlReadStatusStage
                0x000014ec       0x34 .\CortexM3\ARM_GCC_541\Release\USB_Bootloader.a(USBFS_drv.o)
                0x000014ec                USBFS_ControlReadStatusStage
 .text.USBFS_HandleOUT
                0x00001520       0x3c .\CortexM3\ARM_GCC_541\Release\USB_Bootloader.a(USBFS_drv.o)
                0x00001520                USBFS_HandleOUT
 .text.USBFS_ControlWriteStatusStage
                0x0000155c       0x20 .\CortexM3\ARM_GCC_541\Release\USB_Bootloader.a(USBFS_drv.o)
                0x0000155c                USBFS_ControlWriteStatusStage
 .text.USBFS_NoDataControlStatusStage
                0x0000157c       0x3c .\CortexM3\ARM_GCC_541\Release\USB_Bootloader.a(USBFS_drv.o)
                0x0000157c                USBFS_NoDataControlStatusStage
 .text.USBFS_HandleIN
                0x000015b8       0x24 .\CortexM3\ARM_GCC_541\Release\USB_Bootloader.a(USBFS_drv.o)
                0x000015b8                USBFS_HandleIN
 .text.USBFS_EP_0_ISR
                0x000015dc       0x8c .\CortexM3\ARM_GCC_541\Release\USB_Bootloader.a(USBFS_drv.o)
                0x000015dc                USBFS_EP_0_ISR
 .text.USBFS_InitializeStatusBlock
                0x00001668       0x20 .\CortexM3\ARM_GCC_541\Release\USB_Bootloader.a(USBFS_drv.o)
                0x00001668                USBFS_InitializeStatusBlock
 .text.USBFS_InitControlRead
                0x00001688       0x50 .\CortexM3\ARM_GCC_541\Release\USB_Bootloader.a(USBFS_drv.o)
                0x00001688                USBFS_InitControlRead
 .text.USBFS_InitControlWrite
                0x000016d8       0x48 .\CortexM3\ARM_GCC_541\Release\USB_Bootloader.a(USBFS_drv.o)
                0x000016d8                USBFS_InitControlWrite
 .text.USBFS_EP_1_ISR
                0x00001720       0x34 .\CortexM3\ARM_GCC_541\Release\USB_Bootloader.a(USBFS_episr.o)
                0x00001720                USBFS_EP_1_ISR
 .text.USBFS_EP_2_ISR
                0x00001754       0x34 .\CortexM3\ARM_GCC_541\Release\USB_Bootloader.a(USBFS_episr.o)
                0x00001754                USBFS_EP_2_ISR
 .text.USBFS_SOF_ISR
                0x00001788        0x2 .\CortexM3\ARM_GCC_541\Release\USB_Bootloader.a(USBFS_episr.o)
                0x00001788                USBFS_SOF_ISR
 .text.USBFS_BUS_RESET_ISR
                0x0000178a        0x4 .\CortexM3\ARM_GCC_541\Release\USB_Bootloader.a(USBFS_episr.o)
                0x0000178a                USBFS_BUS_RESET_ISR
 *fill*         0x0000178e        0x2 
 .text.USBFS_FindHidClassDecriptor
                0x00001790       0x40 .\CortexM3\ARM_GCC_541\Release\USB_Bootloader.a(USBFS_hid.o)
                0x00001790                USBFS_FindHidClassDecriptor
 .text.USBFS_FindReportDescriptor
                0x000017d0       0x48 .\CortexM3\ARM_GCC_541\Release\USB_Bootloader.a(USBFS_hid.o)
                0x000017d0                USBFS_FindReportDescriptor
 .text.USBFS_FindReport
                0x00001818       0x7c .\CortexM3\ARM_GCC_541\Release\USB_Bootloader.a(USBFS_hid.o)
                0x00001818                USBFS_FindReport
 .text.USBFS_DispatchHIDClassRqst
                0x00001894      0x11c .\CortexM3\ARM_GCC_541\Release\USB_Bootloader.a(USBFS_hid.o)
                0x00001894                USBFS_DispatchHIDClassRqst
 .text.USBFS_ConfigReg
                0x000019b0       0x90 .\CortexM3\ARM_GCC_541\Release\USB_Bootloader.a(USBFS_std.o)
                0x000019b0                USBFS_ConfigReg
 .text.USBFS_GetConfigTablePtr
                0x00001a40       0x24 .\CortexM3\ARM_GCC_541\Release\USB_Bootloader.a(USBFS_std.o)
                0x00001a40                USBFS_GetConfigTablePtr
 .text.USBFS_ConfigAltChanged
                0x00001a64      0x130 .\CortexM3\ARM_GCC_541\Release\USB_Bootloader.a(USBFS_std.o)
                0x00001a64                USBFS_ConfigAltChanged
 .text.USBFS_GetInterfaceClassTablePtr
                0x00001b94       0x20 .\CortexM3\ARM_GCC_541\Release\USB_Bootloader.a(USBFS_std.o)
                0x00001b94                USBFS_GetInterfaceClassTablePtr
 .text.USBFS_Config
                0x00001bb4      0x14c .\CortexM3\ARM_GCC_541\Release\USB_Bootloader.a(USBFS_std.o)
                0x00001bb4                USBFS_Config
 .text.USBFS_SetEndpointHalt
                0x00001d00       0x54 .\CortexM3\ARM_GCC_541\Release\USB_Bootloader.a(USBFS_std.o)
                0x00001d00                USBFS_SetEndpointHalt
 .text.USBFS_ClearEndpointHalt
                0x00001d54       0x7c .\CortexM3\ARM_GCC_541\Release\USB_Bootloader.a(USBFS_std.o)
                0x00001d54                USBFS_ClearEndpointHalt
 .text.USBFS_ValidateAlternateSetting
                0x00001dd0       0x4c .\CortexM3\ARM_GCC_541\Release\USB_Bootloader.a(USBFS_std.o)
                0x00001dd0                USBFS_ValidateAlternateSetting
 .text.USBFS_HandleStandardRqst
                0x00001e1c      0x28c .\CortexM3\ARM_GCC_541\Release\USB_Bootloader.a(USBFS_std.o)
                0x00001e1c                USBFS_HandleStandardRqst
 .text.USBFS_HandleVendorRqst
                0x000020a8       0x18 .\CortexM3\ARM_GCC_541\Release\USB_Bootloader.a(USBFS_vnd.o)
                0x000020a8                USBFS_HandleVendorRqst
 .text.USBFS_DispatchClassRqst
                0x000020c0       0x50 .\CortexM3\ARM_GCC_541\Release\USB_Bootloader.a(USBFS_cls.o)
                0x000020c0                USBFS_DispatchClassRqst
 .text.__libc_init_array
                0x00002110       0x4c c:/program files (x86)/cypress/psoc creator/4.2/psoc creator/import/gnu/arm/5.4.1/bin/../lib/gcc/arm-none-eabi/5.4.1/../../../../arm-none-eabi/lib/armv7-m\libg_nano.a(lib_a-init.o)
                0x00002110                __libc_init_array
 .text.memcpy   0x0000215c       0x16 c:/program files (x86)/cypress/psoc creator/4.2/psoc creator/import/gnu/arm/5.4.1/bin/../lib/gcc/arm-none-eabi/5.4.1/../../../../arm-none-eabi/lib/armv7-m\libg_nano.a(lib_a-memcpy-stub.o)
                0x0000215c                memcpy
 .text.memset   0x00002172       0x10 c:/program files (x86)/cypress/psoc creator/4.2/psoc creator/import/gnu/arm/5.4.1/bin/../lib/gcc/arm-none-eabi/5.4.1/../../../../arm-none-eabi/lib/armv7-m\libg_nano.a(lib_a-memset.o)
                0x00002172                memset
 *(.plt)
 *(.gnu.warning)
 *(.glue_7t)
 .glue_7t       0x00002182        0x0 linker stubs
 *(.glue_7)
 .glue_7        0x00002182        0x0 linker stubs
 *(.vfp11_veneer)
 .vfp11_veneer  0x00002182        0x0 linker stubs
 *(.bootloader)
 *fill*         0x00002182        0x2 
 .bootloader    0x00002184        0x5 .\CortexM3\ARM_GCC_541\Release\USB_Bootloader.a(BL.o)
                0x00002184                BL_SizeBytes
                0x00002188                BL_Checksum
 *(.ARM.extab* .gnu.linkonce.armextab.*)
 *(.gcc_except_table)

.v4_bx          0x0000218c        0x0
 .v4_bx         0x0000218c        0x0 linker stubs

.iplt           0x0000218c        0x0
 .iplt          0x0000218c        0x0 c:/program files (x86)/cypress/psoc creator/4.2/psoc creator/import/gnu/arm/5.4.1/bin/../lib/gcc/arm-none-eabi/5.4.1/armv7-m/crtbegin.o

.eh_frame_hdr
 *(.eh_frame_hdr)

.eh_frame       0x0000218c        0x4
 *(.eh_frame)
 .eh_frame      0x0000218c        0x0 c:/program files (x86)/cypress/psoc creator/4.2/psoc creator/import/gnu/arm/5.4.1/bin/../lib/gcc/arm-none-eabi/5.4.1/armv7-m/crtbegin.o
 .eh_frame      0x0000218c        0x4 c:/program files (x86)/cypress/psoc creator/4.2/psoc creator/import/gnu/arm/5.4.1/bin/../lib/gcc/arm-none-eabi/5.4.1/armv7-m/crtend.o
                [!provide]                PROVIDE (__exidx_start, .)

.ARM.exidx
 *(.ARM.exidx* .gnu.linkonce.armexidx.*)
                0x00002190                __exidx_end = .

.rodata         0x00002190      0x260
 *(.rodata .rodata.* .gnu.linkonce.r.*)
 .rodata        0x00002190       0xca .\CortexM3\ARM_GCC_541\Release\cyfitter_cfg.o
 *fill*         0x0000225a        0x2 
 .rodata        0x0000225c        0x8 .\CortexM3\ARM_GCC_541\Release\USB_Bootloader.a(BL.o)
 .rodata        0x00002264      0x154 .\CortexM3\ARM_GCC_541\Release\USB_Bootloader.a(USBFS_descr.o)
                0x00002264                USBFS_TABLE
                0x0000226c                USBFS_DEVICE0_TABLE
                0x0000227c                USBFS_DEVICE0_CONFIGURATION0_TABLE
                0x0000229c                USBFS_DEVICE0_CONFIGURATION0_INTERFACE_CLASS
                0x0000229e                USBFS_DEVICE0_CONFIGURATION0_EP_SETTINGS_TABLE
                0x000022b0                USBFS_DEVICE0_CONFIGURATION0_INTERFACE0_TABLE
                0x000022b8                USBFS_DEVICE0_CONFIGURATION0_INTERFACE0_ALTERNATE0_HID_TABLE
                0x000022e0                USBFS_DEVICE0_CONFIGURATION0_INTERFACE0_ALTERNATE0_HID_OUT_RPT_TABLE
                0x000022ec                USBFS_DEVICE0_CONFIGURATION0_INTERFACE0_ALTERNATE0_HID_IN_RPT_TABLE
                0x000022f8                USBFS_HIDREPORT_DESCRIPTOR1
                0x00002320                USBFS_SN_STRING_DESCRIPTOR
                0x0000232a                USBFS_STRING_DESCRIPTORS
                0x0000237d                USBFS_DEVICE0_CONFIGURATION0_DESCR
                0x000023a6                USBFS_DEVICE0_DESCR
                0x000023b8                . = ALIGN (0x4)
 *(.init)
 .init          0x000023b8        0x4 c:/program files (x86)/cypress/psoc creator/4.2/psoc creator/import/gnu/arm/5.4.1/bin/../lib/gcc/arm-none-eabi/5.4.1/armv7-m/crti.o
                0x000023b8                _init
 .init          0x000023bc        0x8 c:/program files (x86)/cypress/psoc creator/4.2/psoc creator/import/gnu/arm/5.4.1/bin/../lib/gcc/arm-none-eabi/5.4.1/armv7-m/crtn.o
                0x000023c4                . = ALIGN (0x4)
                0x000023c4                __preinit_array_start = .
 *(.preinit_array)
                0x000023c4                __preinit_array_end = .
                0x000023c4                . = ALIGN (0x4)
                0x000023c4                __init_array_start = .
 *(SORT(.init_array.*))
 *(.init_array)
 .init_array    0x000023c4        0x4 c:/program files (x86)/cypress/psoc creator/4.2/psoc creator/import/gnu/arm/5.4.1/bin/../lib/gcc/arm-none-eabi/5.4.1/armv7-m/crtbegin.o
 .init_array    0x000023c8        0x4 .\CortexM3\ARM_GCC_541\Release\Cm3Start.o
                0x000023cc                __init_array_end = .
                0x000023cc                . = ALIGN (0x4)
 *(.fini)
 .fini          0x000023cc        0x4 c:/program files (x86)/cypress/psoc creator/4.2/psoc creator/import/gnu/arm/5.4.1/bin/../lib/gcc/arm-none-eabi/5.4.1/armv7-m/crti.o
                0x000023cc                _fini
 .fini          0x000023d0        0x8 c:/program files (x86)/cypress/psoc creator/4.2/psoc creator/import/gnu/arm/5.4.1/bin/../lib/gcc/arm-none-eabi/5.4.1/armv7-m/crtn.o
                0x000023d8                . = ALIGN (0x4)
                0x000023d8                __fini_array_start = .
 *(.fini_array)
 .fini_array    0x000023d8        0x4 c:/program files (x86)/cypress/psoc creator/4.2/psoc creator/import/gnu/arm/5.4.1/bin/../lib/gcc/arm-none-eabi/5.4.1/armv7-m/crtbegin.o
 *(SORT(.fini_array.*))
                0x000023dc                __fini_array_end = .
                0x000023dc                . = ALIGN (0x4)
 *crtbegin.o(.ctors)
 *(EXCLUDE_FILE(*crtend.o) .ctors)
 *(SORT(.ctors.*))
 *crtend.o(.ctors)
                0x000023dc                . = ALIGN (0x4)
 *crtbegin.o(.dtors)
 *(EXCLUDE_FILE(*crtend.o) .dtors)
 *(SORT(.dtors.*))
 *crtend.o(.dtors)
                0x000023dc                . = ALIGN (0x4)
                0x000023dc                __cy_regions = .
                0x000023dc        0x4 LONG 0x23f0 __cy_region_init_ram
                0x000023e0        0x4 LONG 0x1fffc0c8 __cy_region_start_data
                0x000023e4        0x4 LONG 0x20 __cy_region_init_size_ram
                0x000023e8        0x4 LONG 0x148 __cy_region_zero_size_ram
                0x000023ec                __cy_regions_end = .
                0x000023f0                . = ALIGN (0x8)
 *fill*         0x000023ec        0x4 
                0x000023f0                _etext = .

.ramvectors     0x1fffc000       0xc0
                0x1fffc000                __cy_region_start_ram = .
 *(.ramvectors)
 .ramvectors    0x1fffc000       0xc0 .\CortexM3\ARM_GCC_541\Release\Cm3Start.o
                0x1fffc000                CyRamVectors

.noinit         0x1fffc0c0        0x1
 *(.noinit)
 .noinit        0x1fffc0c0        0x1 .\CortexM3\ARM_GCC_541\Release\USB_Bootloader.a(CyLib.o)
                0x1fffc0c0                CyResetStatus

.data           0x1fffc0c8       0x20 load address 0x000023f0
                0x1fffc0c8                __cy_region_start_data = .
 *(.jcr)
 .jcr           0x1fffc0c8        0x0 c:/program files (x86)/cypress/psoc creator/4.2/psoc creator/import/gnu/arm/5.4.1/bin/../lib/gcc/arm-none-eabi/5.4.1/armv7-m/crtbegin.o
 .jcr           0x1fffc0c8        0x4 c:/program files (x86)/cypress/psoc creator/4.2/psoc creator/import/gnu/arm/5.4.1/bin/../lib/gcc/arm-none-eabi/5.4.1/armv7-m/crtend.o
 *(.got.plt)
 *(.got)
 *(.shdata)
 *(.data .data.* .gnu.linkonce.d.*)
 .data          0x1fffc0cc        0x8 .\CortexM3\ARM_GCC_541\Release\USB_Bootloader.a(BL.o)
                0x1fffc0cc                BL_SizeBytesAccess
                0x1fffc0d0                BL_ChecksumAccess
 .data          0x1fffc0d4       0x10 .\CortexM3\ARM_GCC_541\Release\USB_Bootloader.a(CyLib.o)
                0x1fffc0d4                cydelay_32k_ms
                0x1fffc0d8                cydelay_freq_khz
                0x1fffc0dc                cydelay_freq_mhz
                0x1fffc0e0                cydelay_freq_hz
                0x1fffc0e8                . = ALIGN (0x8)
 *fill*         0x1fffc0e4        0x4 
 *(.ram)
                0x1fffc0e8                _edata = .

.igot.plt       0x1fffc0e8        0x0 load address 0x00002410
 .igot.plt      0x1fffc0e8        0x0 c:/program files (x86)/cypress/psoc creator/4.2/psoc creator/import/gnu/arm/5.4.1/bin/../lib/gcc/arm-none-eabi/5.4.1/armv7-m/crtbegin.o

.bss            0x1fffc0e8      0x148 load address 0x00002410
                0x1fffc0e8                PROVIDE (__bss_start__, .)
 *(.shbss)
 *(.bss .bss.* .gnu.linkonce.b.*)
 .bss           0x1fffc0e8       0x1c c:/program files (x86)/cypress/psoc creator/4.2/psoc creator/import/gnu/arm/5.4.1/bin/../lib/gcc/arm-none-eabi/5.4.1/armv7-m/crtbegin.o
 .bss           0x1fffc104        0x8 .\CortexM3\ARM_GCC_541\Release\USB_Bootloader.a(CySpc.o)
                0x1fffc104                SpcLockState
 .bss           0x1fffc10c        0x1 .\CortexM3\ARM_GCC_541\Release\USB_Bootloader.a(USBFS_boot.o)
 .bss           0x1fffc10d        0x1 .\CortexM3\ARM_GCC_541\Release\USB_Bootloader.a(USBFS.o)
                0x1fffc10d                USBFS_initVar
 .bss           0x1fffc10e        0x2 .\CortexM3\ARM_GCC_541\Release\USB_Bootloader.a(USBFS_std.o)
 *(COMMON)
 COMMON         0x1fffc110        0x2 .\CortexM3\ARM_GCC_541\Release\USB_Bootloader.a(CyFlash.o)
                0x1fffc110                dieTemperature
 *fill*         0x1fffc112        0x2 
 COMMON         0x1fffc114       0x8e .\CortexM3\ARM_GCC_541\Release\USB_Bootloader.a(USBFS_drv.o)
                0x1fffc114                USBFS_deviceAddress
                0x1fffc115                USBFS_ep0Mode
                0x1fffc116                USBFS_interfaceSetting
                0x1fffc118                USBFS_currentTD
                0x1fffc124                USBFS_device
                0x1fffc125                USBFS_interfaceNumber
                0x1fffc126                USBFS_ep0Toggle
                0x1fffc127                USBFS_deviceStatus
                0x1fffc128                USBFS_configurationChanged
                0x1fffc129                USBFS_configuration
                0x1fffc12a                USBFS_transferState
                0x1fffc12b                USBFS_interfaceStatus
                0x1fffc12c                USBFS_interfaceClass
                0x1fffc130                USBFS_EP
                0x1fffc19c                USBFS_interfaceSetting_last
                0x1fffc19d                USBFS_lastPacketSize
                0x1fffc19e                USBFS_ep0Count
                0x1fffc1a0                USBFS_transferByteCount
 COMMON         0x1fffc1a2        0x3 .\CortexM3\ARM_GCC_541\Release\USB_Bootloader.a(USBFS_hid.o)
                0x1fffc1a2                USBFS_hidIdleRate
                0x1fffc1a3                USBFS_hidIdleTimer
                0x1fffc1a4                USBFS_hidProtocol
 *fill*         0x1fffc1a5        0x1 
 COMMON         0x1fffc1a6       0x8a .\CortexM3\ARM_GCC_541\Release\USB_Bootloader.a(USBFS_descr.o)
                0x1fffc1a6                USBFS_DEVICE0_CONFIGURATION0_INTERFACE0_ALTERNATE0_HID_IN_RPT_SCB
                0x1fffc1aa                USBFS_DEVICE0_CONFIGURATION0_INTERFACE0_ALTERNATE0_HID_IN_BUF
                0x1fffc1eb                USBFS_DEVICE0_CONFIGURATION0_INTERFACE0_ALTERNATE0_HID_OUT_BUF
                0x1fffc22c                USBFS_DEVICE0_CONFIGURATION0_INTERFACE0_ALTERNATE0_HID_OUT_RPT_SCB
                0x1fffc230                . = ALIGN (0x8)
 *(.ram.b)
                0x1fffc230                _end = .
                0x1fffc230                __end = .
                0x1fffc230                PROVIDE (end, .)
                0x1fffc230                PROVIDE (__bss_end__, .)
                0x000023f0                __cy_region_init_ram = LOADADDR (.data)
                0x00000020                __cy_region_init_size_ram = (_edata - ADDR (.data))
                0x00000148                __cy_region_zero_size_ram = (_end - _edata)

.heap           0x1fffc230      0x800 load address 0x00002410
                0x1fffc230                . = _end
                0x1fffca30                . = (. + 0x800)
 *fill*         0x1fffc230      0x800 
                0x1fffca30                __cy_heap_limit = .

.stack          0x20002000     0x2000
                0x20002000                __cy_stack_limit = .
                0x20004000                . = (. + 0x2000)
 *fill*         0x20002000     0x2000 
                0x00000001                ASSERT ((__cy_stack_limit >= __cy_heap_limit), region RAM overflowed with stack)

.cyloadermeta   0x0001ffc0       0x40
 *(.cyloadermeta)
 .cyloadermeta  0x0001ffc0       0x40 .\CortexM3\ARM_GCC_541\Release\cymetadata.o
                0x0001ffc0                cy_meta_loader

.cyloadablemeta
 *(.cyloadablemeta)

.cyconfigecc    0x80000000        0x1
 *(.cyconfigecc)
 .cyconfigecc   0x80000000        0x1 .\CortexM3\ARM_GCC_541\Release\cymetadata.o
                0x80000000                cy_meta_configecc

.cycustnvl      0x90000000        0x4
 *(.cycustnvl)
 .cycustnvl     0x90000000        0x4 .\CortexM3\ARM_GCC_541\Release\cymetadata.o
                0x90000000                cy_meta_custnvl

.cywolatch      0x90100000        0x4
 *(.cywolatch)
 .cywolatch     0x90100000        0x4 .\CortexM3\ARM_GCC_541\Release\cymetadata.o
                0x90100000                cy_meta_wonvl

.cyeeprom       0x90200000        0x0
 *(.cyeeprom)
                0x00000001                ASSERT ((. <= ((0x90200000 + ee_offset) + ee_size)), .cyeeprom data will not fit in EEPROM)

.cyflashprotect
                0x90400000       0x80
 *(.cyflashprotect)
 .cyflashprotect
                0x90400000       0x80 .\CortexM3\ARM_GCC_541\Release\cymetadata.o
                0x90400000                cy_meta_flashprotect

.cymeta         0x90500000        0xc
 *(.cymeta)
 .cymeta        0x90500000        0xc .\CortexM3\ARM_GCC_541\Release\cymetadata.o
                0x90500000                cy_metadata

.rel.dyn        0x00002410        0x0 load address 0x9050000c
 .rel.iplt      0x00002410        0x0 c:/program files (x86)/cypress/psoc creator/4.2/psoc creator/import/gnu/arm/5.4.1/bin/../lib/gcc/arm-none-eabi/5.4.1/armv7-m/crtbegin.o

.stab
 *(.stab)

.stabstr
 *(.stabstr)

.debug
 *(.debug)

.line
 *(.line)

.debug_srcinfo
 *(.debug_srcinfo)

.debug_sfnames
 *(.debug_sfnames)

.debug_aranges  0x00000000      0x810
 *(.debug_aranges)
 .debug_aranges
                0x00000000       0x20 .\CortexM3\ARM_GCC_541\Release\main.o
 .debug_aranges
                0x00000020       0x28 .\CortexM3\ARM_GCC_541\Release\cyfitter_cfg.o
 .debug_aranges
                0x00000048       0x18 .\CortexM3\ARM_GCC_541\Release\cymetadata.o
 .debug_aranges
                0x00000060       0x48 .\CortexM3\ARM_GCC_541\Release\Cm3Start.o
 .debug_aranges
                0x000000a8       0x60 .\CortexM3\ARM_GCC_541\Release\USB_Bootloader.a(BL.o)
 .debug_aranges
                0x00000108       0x70 .\CortexM3\ARM_GCC_541\Release\USB_Bootloader.a(CyFlash.o)
 .debug_aranges
                0x00000178      0x288 .\CortexM3\ARM_GCC_541\Release\USB_Bootloader.a(CyLib.o)
 .debug_aranges
                0x00000400       0x70 .\CortexM3\ARM_GCC_541\Release\USB_Bootloader.a(cyPm.o)
 .debug_aranges
                0x00000470       0x78 .\CortexM3\ARM_GCC_541\Release\USB_Bootloader.a(CySpc.o)
 .debug_aranges
                0x000004e8       0x38 .\CortexM3\ARM_GCC_541\Release\USB_Bootloader.a(BOOTLDR.o)
 .debug_aranges
                0x00000520       0x20 .\CortexM3\ARM_GCC_541\Release\USB_Bootloader.a(CyBootAsmGnu.o)
 .debug_aranges
                0x00000540       0x40 .\CortexM3\ARM_GCC_541\Release\USB_Bootloader.a(USBFS_boot.o)
 .debug_aranges
                0x00000580       0xb0 .\CortexM3\ARM_GCC_541\Release\USB_Bootloader.a(USBFS.o)
 .debug_aranges
                0x00000630       0x98 .\CortexM3\ARM_GCC_541\Release\USB_Bootloader.a(USBFS_drv.o)
 .debug_aranges
                0x000006c8       0x38 .\CortexM3\ARM_GCC_541\Release\USB_Bootloader.a(USBFS_episr.o)
 .debug_aranges
                0x00000700       0x48 .\CortexM3\ARM_GCC_541\Release\USB_Bootloader.a(USBFS_hid.o)
 .debug_aranges
                0x00000748       0x70 .\CortexM3\ARM_GCC_541\Release\USB_Bootloader.a(USBFS_std.o)
 .debug_aranges
                0x000007b8       0x20 .\CortexM3\ARM_GCC_541\Release\USB_Bootloader.a(USBFS_vnd.o)
 .debug_aranges
                0x000007d8       0x20 .\CortexM3\ARM_GCC_541\Release\USB_Bootloader.a(USBFS_cls.o)
 .debug_aranges
                0x000007f8       0x18 .\CortexM3\ARM_GCC_541\Release\USB_Bootloader.a(USBFS_descr.o)

.debug_pubnames
 *(.debug_pubnames)

.debug_info     0x00000000     0x6854
 *(.debug_info .gnu.linkonce.wi.*)
 .debug_info    0x00000000      0x162 .\CortexM3\ARM_GCC_541\Release\main.o
 .debug_info    0x00000162      0x6f8 .\CortexM3\ARM_GCC_541\Release\cyfitter_cfg.o
 .debug_info    0x0000085a      0x15a .\CortexM3\ARM_GCC_541\Release\cymetadata.o
 .debug_info    0x000009b4      0x3a0 .\CortexM3\ARM_GCC_541\Release\Cm3Start.o
 .debug_info    0x00000d54      0xc51 .\CortexM3\ARM_GCC_541\Release\USB_Bootloader.a(BL.o)
 .debug_info    0x000019a5      0x612 .\CortexM3\ARM_GCC_541\Release\USB_Bootloader.a(CyFlash.o)
 .debug_info    0x00001fb7     0x119d .\CortexM3\ARM_GCC_541\Release\USB_Bootloader.a(CyLib.o)
 .debug_info    0x00003154      0x930 .\CortexM3\ARM_GCC_541\Release\USB_Bootloader.a(cyPm.o)
 .debug_info    0x00003a84      0x4ec .\CortexM3\ARM_GCC_541\Release\USB_Bootloader.a(CySpc.o)
 .debug_info    0x00003f70      0x120 .\CortexM3\ARM_GCC_541\Release\USB_Bootloader.a(BOOTLDR.o)
 .debug_info    0x00004090       0xb0 .\CortexM3\ARM_GCC_541\Release\USB_Bootloader.a(CyBootAsmGnu.o)
 .debug_info    0x00004140      0x387 .\CortexM3\ARM_GCC_541\Release\USB_Bootloader.a(USBFS_boot.o)
 .debug_info    0x000044c7      0x7f7 .\CortexM3\ARM_GCC_541\Release\USB_Bootloader.a(USBFS.o)
 .debug_info    0x00004cbe      0x661 .\CortexM3\ARM_GCC_541\Release\USB_Bootloader.a(USBFS_drv.o)
 .debug_info    0x0000531f      0x1ba .\CortexM3\ARM_GCC_541\Release\USB_Bootloader.a(USBFS_episr.o)
 .debug_info    0x000054d9      0x3e8 .\CortexM3\ARM_GCC_541\Release\USB_Bootloader.a(USBFS_hid.o)
 .debug_info    0x000058c1      0x90f .\CortexM3\ARM_GCC_541\Release\USB_Bootloader.a(USBFS_std.o)
 .debug_info    0x000061d0       0xcd .\CortexM3\ARM_GCC_541\Release\USB_Bootloader.a(USBFS_vnd.o)
 .debug_info    0x0000629d      0x1ba .\CortexM3\ARM_GCC_541\Release\USB_Bootloader.a(USBFS_cls.o)
 .debug_info    0x00006457      0x3fd .\CortexM3\ARM_GCC_541\Release\USB_Bootloader.a(USBFS_descr.o)

.debug_abbrev   0x00000000     0x1e49
 *(.debug_abbrev)
 .debug_abbrev  0x00000000       0xd9 .\CortexM3\ARM_GCC_541\Release\main.o
 .debug_abbrev  0x000000d9      0x1f1 .\CortexM3\ARM_GCC_541\Release\cyfitter_cfg.o
 .debug_abbrev  0x000002ca       0x5d .\CortexM3\ARM_GCC_541\Release\cymetadata.o
 .debug_abbrev  0x00000327      0x205 .\CortexM3\ARM_GCC_541\Release\Cm3Start.o
 .debug_abbrev  0x0000052c      0x32a .\CortexM3\ARM_GCC_541\Release\USB_Bootloader.a(BL.o)
 .debug_abbrev  0x00000856      0x21b .\CortexM3\ARM_GCC_541\Release\USB_Bootloader.a(CyFlash.o)
 .debug_abbrev  0x00000a71      0x390 .\CortexM3\ARM_GCC_541\Release\USB_Bootloader.a(CyLib.o)
 .debug_abbrev  0x00000e01      0x1d4 .\CortexM3\ARM_GCC_541\Release\USB_Bootloader.a(cyPm.o)
 .debug_abbrev  0x00000fd5      0x1af .\CortexM3\ARM_GCC_541\Release\USB_Bootloader.a(CySpc.o)
 .debug_abbrev  0x00001184       0x9d .\CortexM3\ARM_GCC_541\Release\USB_Bootloader.a(BOOTLDR.o)
 .debug_abbrev  0x00001221       0x14 .\CortexM3\ARM_GCC_541\Release\USB_Bootloader.a(CyBootAsmGnu.o)
 .debug_abbrev  0x00001235      0x113 .\CortexM3\ARM_GCC_541\Release\USB_Bootloader.a(USBFS_boot.o)
 .debug_abbrev  0x00001348      0x1f4 .\CortexM3\ARM_GCC_541\Release\USB_Bootloader.a(USBFS.o)
 .debug_abbrev  0x0000153c      0x20e .\CortexM3\ARM_GCC_541\Release\USB_Bootloader.a(USBFS_drv.o)
 .debug_abbrev  0x0000174a       0xf3 .\CortexM3\ARM_GCC_541\Release\USB_Bootloader.a(USBFS_episr.o)
 .debug_abbrev  0x0000183d      0x17b .\CortexM3\ARM_GCC_541\Release\USB_Bootloader.a(USBFS_hid.o)
 .debug_abbrev  0x000019b8      0x27c .\CortexM3\ARM_GCC_541\Release\USB_Bootloader.a(USBFS_std.o)
 .debug_abbrev  0x00001c34       0x74 .\CortexM3\ARM_GCC_541\Release\USB_Bootloader.a(USBFS_vnd.o)
 .debug_abbrev  0x00001ca8       0xf3 .\CortexM3\ARM_GCC_541\Release\USB_Bootloader.a(USBFS_cls.o)
 .debug_abbrev  0x00001d9b       0xae .\CortexM3\ARM_GCC_541\Release\USB_Bootloader.a(USBFS_descr.o)

.debug_line     0x00000000     0x27b3
 *(.debug_line)
 .debug_line    0x00000000      0x1c8 .\CortexM3\ARM_GCC_541\Release\main.o
 .debug_line    0x000001c8      0x188 .\CortexM3\ARM_GCC_541\Release\cyfitter_cfg.o
 .debug_line    0x00000350      0x141 .\CortexM3\ARM_GCC_541\Release\cymetadata.o
 .debug_line    0x00000491      0x21e .\CortexM3\ARM_GCC_541\Release\Cm3Start.o
 .debug_line    0x000006af      0x42f .\CortexM3\ARM_GCC_541\Release\USB_Bootloader.a(BL.o)
 .debug_line    0x00000ade      0x1c8 .\CortexM3\ARM_GCC_541\Release\USB_Bootloader.a(CyFlash.o)
 .debug_line    0x00000ca6      0x796 .\CortexM3\ARM_GCC_541\Release\USB_Bootloader.a(CyLib.o)
 .debug_line    0x0000143c      0x3a4 .\CortexM3\ARM_GCC_541\Release\USB_Bootloader.a(cyPm.o)
 .debug_line    0x000017e0      0x226 .\CortexM3\ARM_GCC_541\Release\USB_Bootloader.a(CySpc.o)
 .debug_line    0x00001a06       0x96 .\CortexM3\ARM_GCC_541\Release\USB_Bootloader.a(BOOTLDR.o)
 .debug_line    0x00001a9c       0x66 .\CortexM3\ARM_GCC_541\Release\USB_Bootloader.a(CyBootAsmGnu.o)
 .debug_line    0x00001b02      0x104 .\CortexM3\ARM_GCC_541\Release\USB_Bootloader.a(USBFS_boot.o)
 .debug_line    0x00001c06      0x2b9 .\CortexM3\ARM_GCC_541\Release\USB_Bootloader.a(USBFS.o)
 .debug_line    0x00001ebf      0x226 .\CortexM3\ARM_GCC_541\Release\USB_Bootloader.a(USBFS_drv.o)
 .debug_line    0x000020e5       0xbc .\CortexM3\ARM_GCC_541\Release\USB_Bootloader.a(USBFS_episr.o)
 .debug_line    0x000021a1      0x177 .\CortexM3\ARM_GCC_541\Release\USB_Bootloader.a(USBFS_hid.o)
 .debug_line    0x00002318      0x34c .\CortexM3\ARM_GCC_541\Release\USB_Bootloader.a(USBFS_std.o)
 .debug_line    0x00002664       0x6a .\CortexM3\ARM_GCC_541\Release\USB_Bootloader.a(USBFS_vnd.o)
 .debug_line    0x000026ce       0x88 .\CortexM3\ARM_GCC_541\Release\USB_Bootloader.a(USBFS_cls.o)
 .debug_line    0x00002756       0x5d .\CortexM3\ARM_GCC_541\Release\USB_Bootloader.a(USBFS_descr.o)

.debug_frame    0x00000000     0x150c
 *(.debug_frame)
 .debug_frame   0x00000000       0x30 .\CortexM3\ARM_GCC_541\Release\main.o
 .debug_frame   0x00000030       0x48 .\CortexM3\ARM_GCC_541\Release\cyfitter_cfg.o
 .debug_frame   0x00000078       0xa0 .\CortexM3\ARM_GCC_541\Release\Cm3Start.o
 .debug_frame   0x00000118      0x130 .\CortexM3\ARM_GCC_541\Release\USB_Bootloader.a(BL.o)
 .debug_frame   0x00000248      0x144 .\CortexM3\ARM_GCC_541\Release\USB_Bootloader.a(CyFlash.o)
 .debug_frame   0x0000038c      0x658 .\CortexM3\ARM_GCC_541\Release\USB_Bootloader.a(CyLib.o)
 .debug_frame   0x000009e4      0x1b8 .\CortexM3\ARM_GCC_541\Release\USB_Bootloader.a(cyPm.o)
 .debug_frame   0x00000b9c      0x170 .\CortexM3\ARM_GCC_541\Release\USB_Bootloader.a(CySpc.o)
 .debug_frame   0x00000d0c       0x50 .\CortexM3\ARM_GCC_541\Release\USB_Bootloader.a(BOOTLDR.o)
 .debug_frame   0x00000d5c       0x98 .\CortexM3\ARM_GCC_541\Release\USB_Bootloader.a(USBFS_boot.o)
 .debug_frame   0x00000df4      0x1b4 .\CortexM3\ARM_GCC_541\Release\USB_Bootloader.a(USBFS.o)
 .debug_frame   0x00000fa8      0x1a0 .\CortexM3\ARM_GCC_541\Release\USB_Bootloader.a(USBFS_drv.o)
 .debug_frame   0x00001148       0x50 .\CortexM3\ARM_GCC_541\Release\USB_Bootloader.a(USBFS_episr.o)
 .debug_frame   0x00001198       0xc0 .\CortexM3\ARM_GCC_541\Release\USB_Bootloader.a(USBFS_hid.o)
 .debug_frame   0x00001258      0x1b8 .\CortexM3\ARM_GCC_541\Release\USB_Bootloader.a(USBFS_std.o)
 .debug_frame   0x00001410       0x20 .\CortexM3\ARM_GCC_541\Release\USB_Bootloader.a(USBFS_vnd.o)
 .debug_frame   0x00001430       0x20 .\CortexM3\ARM_GCC_541\Release\USB_Bootloader.a(USBFS_cls.o)
 .debug_frame   0x00001450       0x20 c:/program files (x86)/cypress/psoc creator/4.2/psoc creator/import/gnu/arm/5.4.1/bin/../lib/gcc/arm-none-eabi/5.4.1/../../../../arm-none-eabi/lib/armv7-m\libg_nano.a(lib_a-errno.o)
 .debug_frame   0x00001470       0x28 c:/program files (x86)/cypress/psoc creator/4.2/psoc creator/import/gnu/arm/5.4.1/bin/../lib/gcc/arm-none-eabi/5.4.1/../../../../arm-none-eabi/lib/armv7-m\libg_nano.a(lib_a-exit.o)
 .debug_frame   0x00001498       0x2c c:/program files (x86)/cypress/psoc creator/4.2/psoc creator/import/gnu/arm/5.4.1/bin/../lib/gcc/arm-none-eabi/5.4.1/../../../../arm-none-eabi/lib/armv7-m\libg_nano.a(lib_a-init.o)
 .debug_frame   0x000014c4       0x28 c:/program files (x86)/cypress/psoc creator/4.2/psoc creator/import/gnu/arm/5.4.1/bin/../lib/gcc/arm-none-eabi/5.4.1/../../../../arm-none-eabi/lib/armv7-m\libg_nano.a(lib_a-memcpy-stub.o)
 .debug_frame   0x000014ec       0x20 c:/program files (x86)/cypress/psoc creator/4.2/psoc creator/import/gnu/arm/5.4.1/bin/../lib/gcc/arm-none-eabi/5.4.1/../../../../arm-none-eabi/lib/armv7-m\libg_nano.a(lib_a-memset.o)

.debug_str      0x00000000     0x23db
 *(.debug_str)
 .debug_str     0x00000000      0x1b9 .\CortexM3\ARM_GCC_541\Release\main.o
                                0x201 (size before relaxing)
 .debug_str     0x000001b9      0x21b .\CortexM3\ARM_GCC_541\Release\cyfitter_cfg.o
                                0x3e4 (size before relaxing)
 .debug_str     0x000003d4       0x8e .\CortexM3\ARM_GCC_541\Release\cymetadata.o
                                0x213 (size before relaxing)
 .debug_str     0x00000462      0x14b .\CortexM3\ARM_GCC_541\Release\Cm3Start.o
                                0x337 (size before relaxing)
 .debug_str     0x000005ad      0x365 .\CortexM3\ARM_GCC_541\Release\USB_Bootloader.a(BL.o)
                                0x579 (size before relaxing)
 .debug_str     0x00000912      0x1a5 .\CortexM3\ARM_GCC_541\Release\USB_Bootloader.a(CyFlash.o)
                                0x3ba (size before relaxing)
 .debug_str     0x00000ab7      0x790 .\CortexM3\ARM_GCC_541\Release\USB_Bootloader.a(CyLib.o)
                                0xa14 (size before relaxing)
 .debug_str     0x00001247      0x34d .\CortexM3\ARM_GCC_541\Release\USB_Bootloader.a(cyPm.o)
                                0x730 (size before relaxing)
 .debug_str     0x00001594       0xac .\CortexM3\ARM_GCC_541\Release\USB_Bootloader.a(CySpc.o)
                                0x34a (size before relaxing)
 .debug_str     0x00001640       0x63 .\CortexM3\ARM_GCC_541\Release\USB_Bootloader.a(BOOTLDR.o)
                                0x20c (size before relaxing)
 .debug_str     0x000016a3      0x104 .\CortexM3\ARM_GCC_541\Release\USB_Bootloader.a(USBFS_boot.o)
                                0x314 (size before relaxing)
 .debug_str     0x000017a7      0x272 .\CortexM3\ARM_GCC_541\Release\USB_Bootloader.a(USBFS.o)
                                0x547 (size before relaxing)
 .debug_str     0x00001a19      0x2f7 .\CortexM3\ARM_GCC_541\Release\USB_Bootloader.a(USBFS_drv.o)
                                0x5f9 (size before relaxing)
 .debug_str     0x00001d10       0x65 .\CortexM3\ARM_GCC_541\Release\USB_Bootloader.a(USBFS_episr.o)
                                0x297 (size before relaxing)
 .debug_str     0x00001d75      0x124 .\CortexM3\ARM_GCC_541\Release\USB_Bootloader.a(USBFS_hid.o)
                                0x3e0 (size before relaxing)
 .debug_str     0x00001e99      0x20f .\CortexM3\ARM_GCC_541\Release\USB_Bootloader.a(USBFS_std.o)
                                0x61b (size before relaxing)
 .debug_str     0x000020a8       0x23 .\CortexM3\ARM_GCC_541\Release\USB_Bootloader.a(USBFS_vnd.o)
                                0x1ef (size before relaxing)
 .debug_str     0x000020cb       0x23 .\CortexM3\ARM_GCC_541\Release\USB_Bootloader.a(USBFS_cls.o)
                                0x2a6 (size before relaxing)
 .debug_str     0x000020ee      0x2ed .\CortexM3\ARM_GCC_541\Release\USB_Bootloader.a(USBFS_descr.o)
                                0x598 (size before relaxing)

.debug_loc      0x00000000     0x3c77
 *(.debug_loc)
 .debug_loc     0x00000000       0x2b .\CortexM3\ARM_GCC_541\Release\main.o
 .debug_loc     0x0000002b      0x3ff .\CortexM3\ARM_GCC_541\Release\cyfitter_cfg.o
 .debug_loc     0x0000042a      0x18e .\CortexM3\ARM_GCC_541\Release\Cm3Start.o
 .debug_loc     0x000005b8     0x10c7 .\CortexM3\ARM_GCC_541\Release\USB_Bootloader.a(BL.o)
 .debug_loc     0x0000167f      0x3ab .\CortexM3\ARM_GCC_541\Release\USB_Bootloader.a(CyFlash.o)
 .debug_loc     0x00001a2a      0x95c .\CortexM3\ARM_GCC_541\Release\USB_Bootloader.a(CyLib.o)
 .debug_loc     0x00002386      0x1bc .\CortexM3\ARM_GCC_541\Release\USB_Bootloader.a(cyPm.o)
 .debug_loc     0x00002542      0x5ef .\CortexM3\ARM_GCC_541\Release\USB_Bootloader.a(CySpc.o)
 .debug_loc     0x00002b31       0x5a .\CortexM3\ARM_GCC_541\Release\USB_Bootloader.a(BOOTLDR.o)
 .debug_loc     0x00002b8b      0x1f5 .\CortexM3\ARM_GCC_541\Release\USB_Bootloader.a(USBFS_boot.o)
 .debug_loc     0x00002d80      0x4fa .\CortexM3\ARM_GCC_541\Release\USB_Bootloader.a(USBFS.o)
 .debug_loc     0x0000327a      0x197 .\CortexM3\ARM_GCC_541\Release\USB_Bootloader.a(USBFS_drv.o)
 .debug_loc     0x00003411      0x29a .\CortexM3\ARM_GCC_541\Release\USB_Bootloader.a(USBFS_hid.o)
 .debug_loc     0x000036ab      0x596 .\CortexM3\ARM_GCC_541\Release\USB_Bootloader.a(USBFS_std.o)
 .debug_loc     0x00003c41       0x36 .\CortexM3\ARM_GCC_541\Release\USB_Bootloader.a(USBFS_cls.o)

.debug_macinfo
 *(.debug_macinfo)

.debug_ranges   0x00000000      0x938
 *(.debug_ranges)
 .debug_ranges  0x00000000       0x10 .\CortexM3\ARM_GCC_541\Release\main.o
 .debug_ranges  0x00000010      0x188 .\CortexM3\ARM_GCC_541\Release\cyfitter_cfg.o
 .debug_ranges  0x00000198       0x50 .\CortexM3\ARM_GCC_541\Release\Cm3Start.o
 .debug_ranges  0x000001e8       0xc8 .\CortexM3\ARM_GCC_541\Release\USB_Bootloader.a(BL.o)
 .debug_ranges  0x000002b0       0x78 .\CortexM3\ARM_GCC_541\Release\USB_Bootloader.a(CyFlash.o)
 .debug_ranges  0x00000328      0x2a8 .\CortexM3\ARM_GCC_541\Release\USB_Bootloader.a(CyLib.o)
 .debug_ranges  0x000005d0       0x88 .\CortexM3\ARM_GCC_541\Release\USB_Bootloader.a(cyPm.o)
 .debug_ranges  0x00000658       0x68 .\CortexM3\ARM_GCC_541\Release\USB_Bootloader.a(CySpc.o)
 .debug_ranges  0x000006c0       0x28 .\CortexM3\ARM_GCC_541\Release\USB_Bootloader.a(BOOTLDR.o)
 .debug_ranges  0x000006e8       0x30 .\CortexM3\ARM_GCC_541\Release\USB_Bootloader.a(USBFS_boot.o)
 .debug_ranges  0x00000718       0xa0 .\CortexM3\ARM_GCC_541\Release\USB_Bootloader.a(USBFS.o)
 .debug_ranges  0x000007b8       0x88 .\CortexM3\ARM_GCC_541\Release\USB_Bootloader.a(USBFS_drv.o)
 .debug_ranges  0x00000840       0x28 .\CortexM3\ARM_GCC_541\Release\USB_Bootloader.a(USBFS_episr.o)
 .debug_ranges  0x00000868       0x38 .\CortexM3\ARM_GCC_541\Release\USB_Bootloader.a(USBFS_hid.o)
 .debug_ranges  0x000008a0       0x78 .\CortexM3\ARM_GCC_541\Release\USB_Bootloader.a(USBFS_std.o)
 .debug_ranges  0x00000918       0x10 .\CortexM3\ARM_GCC_541\Release\USB_Bootloader.a(USBFS_vnd.o)
 .debug_ranges  0x00000928       0x10 .\CortexM3\ARM_GCC_541\Release\USB_Bootloader.a(USBFS_cls.o)

.comment        0x00000000       0x6e
 .comment       0x00000000       0x6e .\CortexM3\ARM_GCC_541\Release\main.o
                                 0x6f (size before relaxing)
 .comment       0x0000006e       0x6f .\CortexM3\ARM_GCC_541\Release\cyfitter_cfg.o
 .comment       0x0000006e       0x6f .\CortexM3\ARM_GCC_541\Release\cymetadata.o
 .comment       0x0000006e       0x6f .\CortexM3\ARM_GCC_541\Release\Cm3Start.o
 .comment       0x0000006e       0x6f .\CortexM3\ARM_GCC_541\Release\USB_Bootloader.a(BL.o)
 .comment       0x0000006e       0x6f .\CortexM3\ARM_GCC_541\Release\USB_Bootloader.a(CyFlash.o)
 .comment       0x0000006e       0x6f .\CortexM3\ARM_GCC_541\Release\USB_Bootloader.a(CyLib.o)
 .comment       0x0000006e       0x6f .\CortexM3\ARM_GCC_541\Release\USB_Bootloader.a(cyPm.o)
 .comment       0x0000006e       0x6f .\CortexM3\ARM_GCC_541\Release\USB_Bootloader.a(CySpc.o)
 .comment       0x0000006e       0x6f .\CortexM3\ARM_GCC_541\Release\USB_Bootloader.a(BOOTLDR.o)
 .comment       0x0000006e       0x6f .\CortexM3\ARM_GCC_541\Release\USB_Bootloader.a(USBFS_boot.o)
 .comment       0x0000006e       0x6f .\CortexM3\ARM_GCC_541\Release\USB_Bootloader.a(USBFS.o)
 .comment       0x0000006e       0x6f .\CortexM3\ARM_GCC_541\Release\USB_Bootloader.a(USBFS_drv.o)
 .comment       0x0000006e       0x6f .\CortexM3\ARM_GCC_541\Release\USB_Bootloader.a(USBFS_episr.o)
 .comment       0x0000006e       0x6f .\CortexM3\ARM_GCC_541\Release\USB_Bootloader.a(USBFS_hid.o)
 .comment       0x0000006e       0x6f .\CortexM3\ARM_GCC_541\Release\USB_Bootloader.a(USBFS_std.o)
 .comment       0x0000006e       0x6f .\CortexM3\ARM_GCC_541\Release\USB_Bootloader.a(USBFS_vnd.o)
 .comment       0x0000006e       0x6f .\CortexM3\ARM_GCC_541\Release\USB_Bootloader.a(USBFS_cls.o)
 .comment       0x0000006e       0x6f .\CortexM3\ARM_GCC_541\Release\USB_Bootloader.a(USBFS_descr.o)

.debug_weaknames
 *(.debug_weaknames)

.debug_funcnames
 *(.debug_funcnames)

.debug_typenames
 *(.debug_typenames)

.debug_varnames
 *(.debug_varnames)

.note.gnu.arm.ident
 *(.note.gnu.arm.ident)

.ARM.attributes
                0x00000000       0x29
 *(.ARM.attributes)
 .ARM.attributes
                0x00000000       0x1d c:/program files (x86)/cypress/psoc creator/4.2/psoc creator/import/gnu/arm/5.4.1/bin/../lib/gcc/arm-none-eabi/5.4.1/armv7-m/crti.o
 .ARM.attributes
                0x0000001d       0x2d c:/program files (x86)/cypress/psoc creator/4.2/psoc creator/import/gnu/arm/5.4.1/bin/../lib/gcc/arm-none-eabi/5.4.1/armv7-m/crtbegin.o
 .ARM.attributes
                0x0000004a       0x1b c:/program files (x86)/cypress/psoc creator/4.2/psoc creator/import/gnu/arm/5.4.1/bin/../lib/gcc/arm-none-eabi/5.4.1/../../../../arm-none-eabi/lib/armv7-m/crt0.o
 .ARM.attributes
                0x00000065       0x33 .\CortexM3\ARM_GCC_541\Release\main.o
 .ARM.attributes
                0x00000098       0x33 .\CortexM3\ARM_GCC_541\Release\cyfitter_cfg.o
 .ARM.attributes
                0x000000cb       0x33 .\CortexM3\ARM_GCC_541\Release\cymetadata.o
 .ARM.attributes
                0x000000fe       0x33 .\CortexM3\ARM_GCC_541\Release\Cm3Start.o
 .ARM.attributes
                0x00000131       0x33 .\CortexM3\ARM_GCC_541\Release\USB_Bootloader.a(BL.o)
 .ARM.attributes
                0x00000164       0x33 .\CortexM3\ARM_GCC_541\Release\USB_Bootloader.a(CyFlash.o)
 .ARM.attributes
                0x00000197       0x33 .\CortexM3\ARM_GCC_541\Release\USB_Bootloader.a(CyLib.o)
 .ARM.attributes
                0x000001ca       0x33 .\CortexM3\ARM_GCC_541\Release\USB_Bootloader.a(cyPm.o)
 .ARM.attributes
                0x000001fd       0x33 .\CortexM3\ARM_GCC_541\Release\USB_Bootloader.a(CySpc.o)
 .ARM.attributes
                0x00000230       0x33 .\CortexM3\ARM_GCC_541\Release\USB_Bootloader.a(BOOTLDR.o)
 .ARM.attributes
                0x00000263       0x21 .\CortexM3\ARM_GCC_541\Release\USB_Bootloader.a(CyBootAsmGnu.o)
 .ARM.attributes
                0x00000284       0x33 .\CortexM3\ARM_GCC_541\Release\USB_Bootloader.a(USBFS_boot.o)
 .ARM.attributes
                0x000002b7       0x33 .\CortexM3\ARM_GCC_541\Release\USB_Bootloader.a(USBFS.o)
 .ARM.attributes
                0x000002ea       0x33 .\CortexM3\ARM_GCC_541\Release\USB_Bootloader.a(USBFS_drv.o)
 .ARM.attributes
                0x0000031d       0x33 .\CortexM3\ARM_GCC_541\Release\USB_Bootloader.a(USBFS_episr.o)
 .ARM.attributes
                0x00000350       0x33 .\CortexM3\ARM_GCC_541\Release\USB_Bootloader.a(USBFS_hid.o)
 .ARM.attributes
                0x00000383       0x33 .\CortexM3\ARM_GCC_541\Release\USB_Bootloader.a(USBFS_std.o)
 .ARM.attributes
                0x000003b6       0x33 .\CortexM3\ARM_GCC_541\Release\USB_Bootloader.a(USBFS_vnd.o)
 .ARM.attributes
                0x000003e9       0x33 .\CortexM3\ARM_GCC_541\Release\USB_Bootloader.a(USBFS_cls.o)
 .ARM.attributes
                0x0000041c       0x33 .\CortexM3\ARM_GCC_541\Release\USB_Bootloader.a(USBFS_descr.o)
 .ARM.attributes
                0x0000044f       0x2d c:/program files (x86)/cypress/psoc creator/4.2/psoc creator/import/gnu/arm/5.4.1/bin/../lib/gcc/arm-none-eabi/5.4.1/../../../../arm-none-eabi/lib/armv7-m\libg_nano.a(lib_a-errno.o)
 .ARM.attributes
                0x0000047c       0x2d c:/program files (x86)/cypress/psoc creator/4.2/psoc creator/import/gnu/arm/5.4.1/bin/../lib/gcc/arm-none-eabi/5.4.1/../../../../arm-none-eabi/lib/armv7-m\libg_nano.a(lib_a-exit.o)
 .ARM.attributes
                0x000004a9       0x2d c:/program files (x86)/cypress/psoc creator/4.2/psoc creator/import/gnu/arm/5.4.1/bin/../lib/gcc/arm-none-eabi/5.4.1/../../../../arm-none-eabi/lib/armv7-m\libg_nano.a(lib_a-impure.o)
 .ARM.attributes
                0x000004d6       0x2d c:/program files (x86)/cypress/psoc creator/4.2/psoc creator/import/gnu/arm/5.4.1/bin/../lib/gcc/arm-none-eabi/5.4.1/../../../../arm-none-eabi/lib/armv7-m\libg_nano.a(lib_a-init.o)
 .ARM.attributes
                0x00000503       0x2d c:/program files (x86)/cypress/psoc creator/4.2/psoc creator/import/gnu/arm/5.4.1/bin/../lib/gcc/arm-none-eabi/5.4.1/../../../../arm-none-eabi/lib/armv7-m\libg_nano.a(lib_a-memcpy-stub.o)
 .ARM.attributes
                0x00000530       0x2d c:/program files (x86)/cypress/psoc creator/4.2/psoc creator/import/gnu/arm/5.4.1/bin/../lib/gcc/arm-none-eabi/5.4.1/../../../../arm-none-eabi/lib/armv7-m\libg_nano.a(lib_a-memset.o)
 .ARM.attributes
                0x0000055d       0x2d c:/program files (x86)/cypress/psoc creator/4.2/psoc creator/import/gnu/arm/5.4.1/bin/../lib/gcc/arm-none-eabi/5.4.1/armv7-m/crtend.o
 .ARM.attributes
                0x0000058a       0x1d c:/program files (x86)/cypress/psoc creator/4.2/psoc creator/import/gnu/arm/5.4.1/bin/../lib/gcc/arm-none-eabi/5.4.1/armv7-m/crtn.o

/DISCARD/
 *(.note.GNU-stack)
OUTPUT(C:\Users\Rabbit Hole Shipping\Google Drive\SCSI2SD\software\SCSI2SD\v5.2-eth\USB_Bootloader.cydsn\CortexM3\ARM_GCC_541\Release\USB_Bootloader.elf elf32-littlearm)
